
[0;32mI (30) boot: Multicore bootloader[0m
[0;32mI (31) boot: chip revision: ï¿½      : DIO[0m
[0;32mI (41) boot.esp32: SPI Flash Size : 2MB[0m
[0;32mI (44) boot: Enabling RNG early entropy source...[0m
[0;32mI (49) boot: Partition Table:[0m
[0;32mI (51) boot: ## Label            Usage          Type ST Offset   Lengtï¿½ets Jun  8 2016 00:22:57[0m

rst:0x1 (POWERON_RESET),boot:0x13 (SPI_FAST_FLASH_BOOT)
configsip: 0, SPIWP:0xee
clk_drv:0x00,q_drv:0x00,d_drv:0x00,cs0_drv:0x00,hd_drv:0x00,wp_drv:0x00
mode:DIO, clock div:2
load:0x3fff0030,len:6276
load:0x40078000,len:15716
load:0x40080400,len:4
ho 8 tail 4 room 4
load:0x40080404,len:3860
entry 0x4008063c
[0;32mI (30) boot: ESP-IDF v5.4 2nd stage bootloader[0m
[0;32mI (30) boot: compile time Jan 19 2025 17:15:55[0m
[0;32mI (30) boot: Multicore bootloader[0m
[0;32mI (31) boot: chip revision: v1.0[0m
[0;32mI (34) boot.esp32: SPI Speed      : 40MHz[0m
[0;32mI (37) boot.esp32: SPI Mode       : DIO[0m
[0;32mI (41) boot.esp32: SPI Flash Size : 2MB[0m
[0;32mI (44) boot: Enabling RNG early entropy source...[0m
[0;32mI (49) boot: Partition Table:[0m
[0;32mI (51) boot: ## Label            Usage          Type ST Offset   Length[0m
[0;32mI (58) boot:  0 nvs              WiFi data        01 02 00009000 00006000[0m
[0;32mI (64) boot:  1 phy_init         RF data          01 01 0000f000 00001000[0m
[0;32mI (71) boot:  2 factory          factory app      00 00 00010000 00100000[0m
[0;32mI (77) boot: End of partition table[0m
[0;32mI (81) esp_image: segment 0: paddr=00010020 vaddr=3f400020 size=1c91ch (117020) map[0m
[0;32mI (128) esp_image: segment 1: paddr=0002c944 vaddr=3ff80000 size=0001ch (    28) load[0m
[0;32mI (128) esp_image: segment 2: paddr=0002c968 vaddr=3ffb0000 size=036b0h ( 14000) load[0m
[0;32mI (137) esp_image: segment 3: paddr=00030020 vaddr=400d0020 size=895b0h (562608) map[0m
[0;32mI (332) esp_image: segment 4: paddr=000b95d8 vaddr=3ffb36b0 size=00a10h (  2576) load[0m
[0;32mI (333) esp_image: segment 5: paddr=000b9ff0 vaddr=40080000 size=19528h (103720) load[0m
[0;32mI (388) boot: Loaded app from partition at offset 0x10000[0m
[0;32mI (388) boot: Disabling RNG early entropy source...[0m
[0;32mI (398) cpu_start: Multicore app[0m
[0;32mI (407) cpu_start: Pro cpu start user code[0m
[0;32mI (407) cpu_start: cpu freq: 160000000 Hz[0m
[0;32mI (407) app_init: Application information:[0m
[0;32mI (410) app_init: Project name:     Batman_esp[0m
[0;32mI (415) app_init: App version:      ef0026a5-dirty[0m
[0;32mI (420) app_init: Compile time:     Jan 19 2025 17:15:50[0m
[0;32mI (426) app_init: ELF file SHA256:  2c6952c9e...[0m
[0;32mI (432) app_init: ESP-IDF:          v5.4[0m
[0;32mI (436) efuse_init: Min chip rev:     v0.0[0m
[0;32mI (441) efuse_init: Max chip rev:     v3.99 [0m
[0;32mI (446) efuse_init: Chip rev:         v1.0[0m
[0;32mI (451) heap_init: Initializing. RAM available for dynamic allocation:[0m
[0;32mI (458) heap_init: At 3FFAE6E0 len 00001920 (6 KiB): DRAM[0m
[0;32mI (464) heap_init: At 3FFB8338 len 00027CC8 (159 KiB): DRAM[0m
[0;32mI (470) heap_init: At 3FFE0440 len 00003AE0 (14 KiB): D/IRAM[0m
[0;32mI (477) heap_init: At 3FFE4350 len 0001BCB0 (111 KiB): D/IRAM[0m
[0;32mI (483) heap_init: At 40099528 len 00006AD8 (26 KiB): IRAM[0m
[0;32mI (491) spi_flash: detected chip: generic[0m
[0;32mI (494) spi_flash: flash io: dio[0m
[0;33mW (498) spi_flash: Detected size(4096k) larger than the size in the binary image header(2048k). Using the size in the binary image header.[0m
[0;32mI (512) main_task: Started on CPU0[0m
[0;32mI (522) main_task: Calling app_main()[0m
[0;32mI (522) CAN_HANDLER: [+] TWAI Driver installed and started[0m
[0;32mI (552) wifi:wifi driver task: 3ffbecdc, prio:23, stack:6656, core=0[0m
[0;32mI (562) wifi:wifi firmware version: 48ea317a7[0m
[0;32mI (562) wifi:wifi certification version: v7.0[0m
[0;32mI (562) wifi:config NVS flash: enabled[0m
[0;32mI (562) wifi:config nano formatting: disabled[0m
[0;32mI (562) wifi:Init data frame dynamic rx buffer num: 32[0m
[0;32mI (572) wifi:Init static rx mgmt buffer num: 5[0m
[0;32mI (572) wifi:Init management short buffer num: 32[0m
[0;32mI (572) wifi:Init dynamic tx buffer num: 32[0m
[0;32mI (582) wifi:Init static rx buffer size: 1600[0m
[0;32mI (582) wifi:Init static rx buffer num: 10[0m
[0;32mI (592) wifi:Init dynamic rx buffer num: 32[0m
[0;32mI (592) wifi_init: rx ba win: 6[0m
[0;32mI (592) wifi_init: accept mbox: 6[0m
[0;32mI (602) wifi_init: tcpip mbox: 32[0m
[0;32mI (602) wifi_init: udp mbox: 6[0m
[0;32mI (602) wifi_init: tcp mbox: 6[0m
[0;32mI (612) wifi_init: tcp tx win: 5760[0m
[0;32mI (612) wifi_init: tcp rx win: 5760[0m
[0;32mI (622) wifi_init: tcp mss: 1440[0m
[0;32mI (622) wifi_init: WiFi IRAM OP enabled[0m
[0;32mI (632) wifi_init: WiFi RX IRAM OP enabled[0m
[0;32mI (642) phy_init: phy_version 4840,02e0d70,Sep  2 2024,19:39:07[0m
[0;33mW (712) phy_init: saving new calibration data because of checksum failure, mode(0)[0m
[1;31mE (742) wifi:failed to post WiFi event=43 ret=259[0m
[0;32mI (742) wifi:mode : softAP (34:86:5d:39:b0:41)[0m
[0;32mI (742) wifi:Total power save buffer number: 16[0m
[0;32mI (742) wifi:Init max length of beacon: 752/752[0m
[0;32mI (752) wifi:Init max length of beacon: 752/752[0m
[1;31mE (752) wifi:failed to post WiFi event=12 ret=259[0m
[0;32mI (752) WIFI: AP started. SSID: BAT-MAN, password: IamBATmanExxe25[0m
[0;32mI (762) AP: Static IP set to: 192.168.5.1[0m

assert failed: tcpip_send_msg_wait_sem /IDF/components/lwip/lwip/src/api/tcpip.c:454 (Invalid mbox)


Backtrace: 0x40081c3d:0x3ffba140 0x4008a5c5:0x3ffba160 0x40093279:0x3ffba180 0x4011c3cb:0x3ffba2a0 0x401294c6:0x3ffba2d0 0x4012955a:0x3ffba2f0 0x4011c219:0x3ffba340 0x400e312f:0x3ffba360 0x400e3780:0x3ffba3c0 0x400d87d9:0x3ffba3f0 0x400d7e71:0x3ffba5f0 0x400d7f1b:0x3ffba610 0x401575e3:0x3ffba630 0x4008b0a5:0x3ffba660




ELF file SHA256: 2c6952c9e

Rebooting...
ets Jun  8 2016 00:22:57

rst:0xc (SW_CPU_RESET),boot:0x13 (SPI_FAST_FLASH_BOOT)
configsip: 0, SPIWP:0xee
clk_drv:0x00,q_drv:0x00,d_drv:0x00,cs0_drv:0x00,hd_drv:0x00,wp_drv:0x00
mode:DIO, clock div:2
load:0x3fff0030,len:6276
load:0x40078000,len:15716
load:0x40080400,len:4
ho 8 tail 4 room 4
load:0x40080404,len:3860
entry 0x4008063c
[0;32mI (30) boot: ESP-IDF v5.4 2nd stage bootloader[0m
[0;32mI (31) boot: compile time Jan 19 2025 17:15:55[0m
[0;32mI (31) boot: Multicore bootloader[0m
[0;32mI (32) boot: chip revision: v1.0[0m
[0;32mI (35) boot.esp32: SPI Speed      : 40MHz[0m
[0;32mI (39) boot.esp32: SPI Mode       : DIO[0m
[0;32mI (42) boot.esp32: SPI Flash Size : 2MB[0m
[0;32mI (46) boot: Enabling RNG early entropy source...[0m
[0;32mI (50) boot: Partition Table:[0m
[0;32mI (53) boot: ## Label            Usage          Type ST Offset   Length[0m
[0;32mI (59) boot:  0 nvs              WiFi data        01 02 00009000 00006000[0m
[0;32mI (66) boot:  1 phy_init         RF data          01 01 0000f000 00001000[0m
[0;32mI (72) boot:  2 factory          factory app      00 00 00010000 00100000[0m
[0;32mI (79) boot: End of partition table[0m
[0;32mI (82) esp_image: segment 0: paddr=00010020 vaddr=3f400020 size=1c91ch (117020) map[0m
[0;32mI (130) esp_image: segment 1: paddr=0002c944 vaddr=3ff80000 size=0001ch (    28) load[0m
[0;32mI (130) esp_image: segment 2: paddr=0002c968 vaddr=3ffb0000 size=036b0h ( 14000) load[0m
[0;32mI (139) esp_image: segment 3: paddr=00030020 vaddr=400d0020 size=895b0h (562608) map[0m
[0;32mI (333) esp_image: segment 4: paddr=000b95d8 vaddr=3ffb36b0 size=00a10h (  2576) load[0m
[0;32mI (334) esp_image: segment 5: paddr=000b9ff0 vaddr=40080000 size=19528h (103720) load[0m
[0;32mI (389) boot: Loaded app from partition at offset 0x10000[0m
[0;32mI (389) boot: Disabling RNG early entropy source...[0m
[0;32mI (400) cpu_start: Multicore app[0m
[0;32mI (408) cpu_start: Pro cpu start user code[0m
[0;32mI (408) cpu_start: cpu freq: 160000000 Hz[0m
[0;32mI (408) app_init: Application information:[0m
[0;32mI (411) app_init: Project name:     Batman_esp[0m
[0;32mI (416) app_init: App version:      ef0026a5-dirty[0m
[0;32mI (422) app_init: Compile time:     Jan 19 2025 17:15:50[0m
[0;32mI (428) app_init: ELF file SHA256:  2c6952c9e...[0m
[0;32mI (433) app_init: ESP-IDF:          v5.4[0m
[0;32mI (438) efuse_init: Min chip rev:     v0.0[0m
[0;32mI (442) efuse_init: Max chip rev:     v3.99 [0m
[0;32mI (447) efuse_init: Chip rev:         v1.0[0m
[0;32mI (452) heap_init: Initializing. RAM available for dynamic allocation:[0m
[0;32mI (460) heap_init: At 3FFAE6E0 len 00001920 (6 KiB): DRAM[0m
[0;32mI (465) heap_init: At 3FFB8338 len 00027CC8 (159 KiB): DRAM[0m
[0;32mI (472) heap_init: At 3FFE0440 len 00003AE0 (14 KiB): D/IRAM[0m
[0;32mI (478) heap_init: At 3FFE4350 len 0001BCB0 (111 KiB): D/IRAM[0m
[0;32mI (485) heap_init: At 40099528 len 00006AD8 (26 KiB): IRAM[0m
[0;32mI (492) spi_flash: detected chip: generic[0m
[0;32mI (495) spi_flash: flash io: dio[0m
[0;33mW (499) spi_flash: Detected size(4096k) larger than the size in the binary image header(2048k). Using the size in the binary image header.[0m
[0;32mI (514) main_task: Started on CPU0[0m
[0;32mI (524) main_task: Calling app_main()[0m
[0;32mI (524) CAN_HANDLER: [+] TWAI Driver installed and started[0m
[0;32mI (554) wifi:wifi driver task: 3ffbecdc, prio:23, stack:6656, core=0[0m
[0;32mI (564) wifi:wifi firmware version: 48ea317a7[0m
[0;32mI (564) wifi:wifi certification version: v7.0[0m
[0;32mI (564) wifi:config NVS flash: enabled[0m
[0;32mI (564) wifi:config nano formatting: disabled[0m
[0;32mI (564) wifi:Init data frame dynamic rx buffer num: 32[0m
[0;32mI (574) wifi:Init static rx mgmt buffer num: 5[0m
[0;32mI (574) wifi:Init management short buffer num: 32[0m
[0;32mI (574) wifi:Init dynamic tx buffer num: 32[0m
[0;32mI (584) wifi:Init static rx buffer size: 1600[0m
[0;32mI (584) wifi:Init static rx buffer num: 10[0m
[0;32mI (594) wifi:Init dynamic rx buffer num: 32[0m
[0;32mI (594) wifi_init: rx ba win: 6[0m
[0;32mI (594) wifi_init: accept mbox: 6[0m
[0;32mI (604) wifi_init: tcpip mbox: 32[0m
[0;32mI (604) wifi_init: udp mbox: 6[0m
[0;32mI (614) wifi_init: tcp mbox: 6[0m
[0;32mI (614) wifi_init: tcp tx win: 5760[0m
[0;32mI (614) wifi_init: tcp rx win: 5760[0m
[0;32mI (624) wifi_init: tcp mss: 1440[0m
[0;32mI (624) wifi_init: WiFi IRAM OP enabled[0m
[0;32mI (634) wifi_init: WiFi RX IRAM OP enabled[0m
[0;32mI (644) phy_init: phy_version 4840,02e0d70,Sep  2 2024,19:39:07[0m
[1;31mE (714) wifi:failed to post WiFi event=43 ret=259[0m
[0;32mI (724) wifi:mode : softAP (34:86:5d:39:b0:41)[0m
[0;32mI (724) wifi:Total power save buffer number: 16[0m
[0;32mI (724) wifi:Init max length of beacon: 752/752[0m
[0;32mI (724) wifi:Init max length of beacon: 752/752[0m
[1;31mE (734) wifi:failed to post WiFi event=12 ret=259[0m
[0;32mI (734) WIFI: AP started. SSID: BAT-MAN, password: IamBATmanExxe25[0m
[0;32mI (744) AP: Static IP set to: 192.168.5.1[0m

assert failed: tcpip_send_msg_wait_sem /IDF/components/lwip/lwip/src/api/tcpip.c:454 (Invalid mbox)


Backtrace: 0x40081c3d:0x3ffba140 0x4008a5c5:0x3ffba160 0x40093279:0x3ffba180 0x4011c3cb:0x3ffba2a0 0x401294c6:0x3ffba2d0 0x4012955a:0x3ffba2f0 0x4011c219:0x3ffba340 0x400e312f:0x3ffba360 0x400e3780:0x3ffba3c0 0x400d87d9:0x3ffba3f0 0x400d7e71:0x3ffba5f0 0x400d7f1b:0x3ffba610 0x401575e3:0x3ffba630 0x4008b0a5:0x3ffba660




ELF file SHA256: 2c6952c9e

Rebooting...
ets Jun  8 2016 00:22:57

rst:0xc (SW_CPU_RESET),boot:0x13 (SPI_FAST_FLASH_BOOT)
configsip: 0, SPIWP:0xee
clk_drv:0x00,q_drv:0x00,d_drv:0x00,cs0_drv:0x00,hd_drv:0x00,wp_drv:0x00
mode:DIO, clock div:2
load:0x3fff0030,len:6276
load:0x40078000,len:15716
load:0x40080400,len:4
ho 8 tail 4 room 4
load:0x40080404,len:3860
entry 0x4008063c
[0;32mI (30) boot: ESP-IDF v5.4 2nd stage bootloader[0m
[0;32mI (31) boot: compile time Jan 19 2025 17:15:55[0m
[0;32mI (31) boot: Multicore bootloader[0m
[0;32mI (32) boot: chip revision: v1.0[0m
[0;32mI (35) boot.esp32: SPI Speed      : 40MHz[0m
[0;32mI (39) boot.esp32: SPI Mode       : DIO[0m
[0;32mI (42) boot.esp32: SPI Flash Size : 2MB[0m
[0;32mI (46) boot: Enabling RNG early entropy source...[0m
[0;32mI (50) boot: Partition Table:[0m
[0;32mI (53) boot: ## Label            Usage          Type ST Offset   Length[0m
[0;32mI (59) boot:  0 nvs              WiFi data        01 02 00009000 00006000[0m
[0;32mI (66) boot:  1 phy_init         RF data          01 01 0000f000 00001000[0m
[0;32mI (72) boot:  2 factory          factory app      00 00 00010000 00100000[0m
[0;32mI (79) boot: End of partition table[0m
[0;32mI (82) esp_image: segment 0: paddr=00010020 vaddr=3f400020 size=1c91ch (117020) map[0m
[0;32mI (130) esp_image: segment 1: paddr=0002c944 vaddr=3ff80000 size=0001ch (    28) load[0m
[0;32mI (130) esp_image: segment 2: paddr=0002c968 vaddr=3ffb0000 size=036b0h ( 14000) load[0m
[0;32mI (139) esp_image: segment 3: paddr=00030020 vaddr=400d0020 size=895b0h (562608) map[0m
[0;32mI (333) esp_image: segment 4: paddr=000b95d8 vaddr=3ffb36b0 size=00a10h (  2576) load[0m
[0;32mI (334) esp_image: segment 5: paddr=000b9ff0 vaddr=40080000 size=19528h (103720) load[0m
[0;32mI (389) boot: Loaded app from partition at offset 0x10000[0m
[0;32mI (389) boot: Disabling RNG early entropy source...[0m
[0;32mI (400) cpu_start: Multicore app[0m
[0;32mI (408) cpu_start: Pro cpu start user code[0m
[0;32mI (408) cpu_start: cpu freq: 160000000 Hz[0m
[0;32mI (408) app_init: Application information:[0m
[0;32mI (411) app_init: Project name:     Batman_esp[0m
[0;32mI (416) app_init: App version:      ef0026a5-dirty[0m
[0;32mI (422) app_init: Compile time:     Jan 19 2025 17:15:50[0m
[0;32mI (428) app_init: ELF file SHA256:  2c6952c9e...[0m
[0;32mI (433) app_init: ESP-IDF:          v5.4[0m
[0;32mI (438) efuse_init: Min chip rev:     v0.0[0m
[0;32mI (442) efuse_init: Max chip rev:     v3.99 [0m
[0;32mI (447) efuse_init: Chip rev:         v1.0[0m
[0;32mI (452) heap_init: Initializing. RAM available for dynamic allocation:[0m
[0;32mI (460) heap_init: At 3FFAE6E0 len 00001920 (6 KiB): DRAM[0m
[0;32mI (465) heap_init: At 3FFB8338 len 00027CC8 (159 KiB): DRAM[0m
[0;32mI (472) heap_init: At 3FFE0440 len 00003AE0 (14 KiB): D/IRAM[0m
[0;32mI (478) heap_init: At 3FFE4350 len 0001BCB0 (111 KiB): D/IRAM[0m
[0;32mI (485) heap_init: At 40099528 len 00006AD8 (26 KiB): IRAM[0m
[0;32mI (492) spi_flash: detected chip: generic[0m
[0;32mI (495) spi_flash: flash io: dio[0m
[0;33mW (499) spi_flash: Detected size(4096k) larger than the size in the binary image header(2048k). Using the size in the binary image header.[0m
[0;32mI (514) main_task: Started on CPU0[0m
[0;32mI (524) main_task: Calling app_main()[0m
[0;32mI (524) CAN_HANDLER: [+] TWAI Driver installed and started[0m
[0;32mI (554) wifi:wifi driver task: 3ffbecdc, prio:23, stack:6656, core=0[0m
[0;32mI (564) wifi:wifi firmware version: 48ea317a7[0m
[0;32mI (564) wifi:wifi certification version: v7.0[0m
[0;32mI (564) wifi:config NVS flash: enabled[0m
[0;32mI (564) wifi:config nano formatting: disabled[0m
[0;32mI (564) wifi:Init data frame dynamic rx buffer num: 32[0m
[0;32mI (574) wifi:Init static rx mgmt buffer num: 5[0m
[0;32mI (574) wifi:Init management short buffer num: 32[0m
[0;32mI (574) wifi:Init dynamic tx buffer num: 32[0m
[0;32mI (584) wifi:Init static rx buffer size: 1600[0m
[0;32mI (584) wifi:Init static rx buffer num: 10[0m
[0;32mI (594) wifi:Init dynamic rx buffer num: 32[0m
[0;32mI (594) wifi_init: rx ba win: 6[0m
[0;32mI (594) wifi_init: accept mbox: 6[0m
[0;32mI (604) wifi_init: tcpip mbox: 32[0m
[0;32mI (604) wifi_init: udp mbox: 6[0m
[0;32mI (614) wifi_init: tcp mbox: 6[0m
[0;32mI (614) wifi_init: tcp tx win: 5760[0m
[0;32mI (614) wifi_init: tcp rx win: 5760[0m
[0;32mI (624) wifi_init: tcp mss: 1440[0m
[0;32mI (624) wifi_init: WiFi IRAM OP enabled[0m
[0;32mI (634) wifi_init: WiFi RX IRAM OP enabled[0m
[0;32mI (644) phy_init: phy_version 4840,02e0d70,Sep  2 2024,19:39:07[0m
[1;31mE (724) wifi:failed to post WiFi event=43 ret=259[0m
[0;32mI (734) wifi:mode : softAP (34:86:5d:39:b0:41)[0m
[0;32mI (734) wifi:Total power save buffer number: 16[0m
[0;32mI (734) wifi:Init max length of beacon: 752/752[0m
[0;32mI (734) wifi:Init max length of beacon: 752/752[0m
[1;31mE (744) wifi:failed to post WiFi event=12 ret=259[0m
[0;32mI (744) WIFI: AP started. SSID: BAT-MAN, password: IamBATmanExxe25[0m
[0;32mI (754) AP: Static IP set to: 192.168.5.1[0m

assert failed: tcpip_send_msg_wait_sem /IDF/components/lwip/lwip/src/api/tcpip.c:454 (Invalid mbox)


Backtrace: 0x40081c3d:0x3ffba140 0x4008a5c5:0x3ffba160 0x40093279:0x3ffba180 0x4011c3cb:0x3ffba2a0 0x401294c6:0x3ffba2d0 0x4012955a:0x3ffba2f0 0x4011c219:0x3ffba340 0x400e312f:0x3ffba360 0x400e3780:0x3ffba3c0 0x400d87d9:0x3ffba3f0 0x400d7e71:0x3ffba5f0 0x400d7f1b:0x3ffba610 0x401575e3:0x3ffba630 0x4008b0a5:0x3ffba660




ELF file SHA256: 2c6952c9e

Rebooting...
ets Jun  8 2016 00:22:57

rst:0xc (SW_CPU_RESET),boot:0x13 (SPI_FAST_FLASH_BOOT)
configsip: 0, SPIWP:0xee
clk_drv:0x00,q_drv:0x00,d_drv:0x00,cs0_drv:0x00,hd_drv:0x00,wp_drv:0x00
mode:DIO, clock div:2
load:0x3fff0030,len:6276
load:0x40078000,len:15716
load:0x40080400,len:4
ho 8 tail 4 room 4
load:0x40080404,len:3860
entry 0x4008063c
[0;32mI (30) boot: ESP-IDF v5.4 2nd stage bootloader[0m
[0;32mI (31) boot: compile time Jan 19 2025 17:15:55[0m
[0;32mI (31) boot: Multicore bootloader[0m
[0;32mI (32) boot: chip revision: v1.0[0m
[0;32mI (35) boot.esp32: SPI Speed      : 40MHz[0m
[0;32mI (39) boot.esp32: SPI Mode       : DIO[0m
[0;32mI (42) boot.esp32: SPI Flash Size : 2MB[0m
[0;32mI (46) boot: Enabling RNG early entropy source...[0m
[0;32mI (50) boot: Partition Table:[0m
[0;32mI (53) boot: ## Label            Usage          Type ST Offset   Length[0m
[0;32mI (59) boot:  0 nvs              WiFi data        01 02 00009000 00006000[0m
[0;32mI (66) boot:  1 phy_init         RF data          01 01 0000f000 00001000[0m
[0;32mI (72) boot:  2 factory          factory app      00 00 00010000 00100000[0m
[0;32mI (79) boot: End of partition table[0m
[0;32mI (82) esp_image: segment 0: paddr=00010020 vaddr=3f400020 size=1c91ch (117020) map[0m
[0;32mI (130) esp_image: segment 1: paddr=0002c944 vaddr=3ff80000 size=0001ch (    28) load[0m
[0;32mI (130) esp_image: segment 2: paddr=0002c968 vaddr=3ffb0000 size=036b0h ( 14000) load[0m
[0;32mI (139) esp_image: segment 3: paddr=00030020 vaddr=400d0020 size=895b0h (562608) map[0m
[0;32mI (333) esp_image: segment 4: paddr=000b95d8 vaddr=3ffb36b0 size=00a10h (  2576) load[0m
[0;32mI (334) esp_image: segment 5: paddr=000b9ff0 vaddr=40080000 size=19528h (103720) load[0m
[0;32mI (389) boot: Loaded app from partition at offset 0x10000[0m
[0;32mI (389) boot: Disabling RNG early entropy source...[0m
[0;32mI (400) cpu_start: Multicore app[0m
[0;32mI (408) cpu_start: Pro cpu start user code[0m
[0;32mI (408) cpu_start: cpu freq: 160000000 Hz[0m
[0;32mI (408) app_init: Application information:[0m
[0;32mI (411) app_init: Project name:     Batman_esp[0m
[0;32mI (416) app_init: App version:      ef0026a5-dirty[0m
[0;32mI (422) app_init: Compile time:     Jan 19 2025 17:15:50[0m
[0;32mI (428) app_init: ELF file SHA256:  2c6952c9e...[0m
[0;32mI (433) app_init: ESP-IDF:          v5.4[0m
[0;32mI (438) efuse_init: Min chip rev:     v0.0[0m
[0;32mI (442) efuse_init: Max chip rev:     v3.99 [0m
[0;32mI (447) efuse_init: Chip rev:         v1.0[0m
[0;32mI (452) heap_init: Initializing. RAM available for dynamic allocation:[0m
[0;32mI (460) heap_init: At 3FFAE6E0 len 00001920 (6 KiB): DRAM[0m
[0;32mI (465) heap_init: At 3FFB8338 len 00027CC8 (159 KiB): DRAM[0m
[0;32mI (472) heap_init: At 3FFE0440 len 00003AE0 (14 KiB): D/IRAM[0m
[0;32mI (478) heap_init: At 3FFE4350 len 0001BCB0 (111 KiB): D/IRAM[0m
[0;32mI (485) heap_init: At 40099528 len 00006AD8 (26 KiB): IRAM[0m
[0;32mI (492) spi_flash: detected chip: generic[0m
[0;32mI (495) spi_flash: flash io: dio[0m
[0;33mW (499) spi_flash: Detected size(4096k) larger than the size in the binary image header(2048k). Using the size in the binary image header.[0m
[0;32mI (514) main_task: Started on CPU0[0m
[0;32mI (524) main_task: Calling app_main()[0m
[0;32mI (524) CAN_HANDLER: [+] TWAI Driver installed and started[0m
[0;32mI (554) wifi:wifi driver task: 3ffbecdc, prio:23, stack:6656, core=0[0m
[0;32mI (564) wifi:wifi firmware version: 48ea317a7[0m
[0;32mI (564) wifi:wifi certification version: v7.0[0m
[0;32mI (564) wifi:config NVS flash: enabled[0m
[0;32mI (564) wifi:config nano formatting: disabled[0m
[0;32mI (564) wifi:Init data frame dynamic rx buffer num: 32[0m
[0;32mI (574) wifi:Init static rx mgmt buffer num: 5[0m
[0;32mI (574) wifi:Init management short buffer num: 32[0m
[0;32mI (574) wifi:Init dynamic tx buffer num: 32[0m
[0;32mI (584) wifi:Init static rx buffer size: 1600[0m
[0;32mI (584) wifi:Init static rx buffer num: 10[0m
[0;32mI (594) wifi:Init dynamic rx buffer num: 32[0m
[0;32mI (594) wifi_init: rx ba win: 6[0m
[0;32mI (594) wifi_init: accept mbox: 6[0m
[0;32mI (604) wifi_init: tcpip mbox: 32[0m
[0;32mI (604) wifi_init: udp mbox: 6[0m
[0;32mI (614) wifi_init: tcp mbox: 6[0m
[0;32mI (614) wifi_init: tcp tx win: 5760[0m
[0;32mI (614) wifi_init: tcp rx win: 5760[0m
[0;32mI (624) wifi_init: tcp mss: 1440[0m
[0;32mI (624) wifi_init: WiFi IRAM OP enabled[0m
[0;32mI (634) wifi_init: WiFi RX IRAM OP enabled[0m
[0;32mI (644) phy_init: phy_version 4840,02e0d70,Sep  2 2024,19:39:07[0m
[0;33mW (714) phy_init: saving new calibration data because of checksum failure, mode(0)[0m
[1;31mE (734) wifi:failed to post WiFi event=43 ret=259[0m
[0;32mI (734) wifi:mode : softAP (34:86:5d:39:b0:41)[0m
[0;32mI (734) wifi:Total power save buffer number: 16[0m
[0;32mI (734) wifi:Init max length of beacon: 752/752[0m
[0;32mI (734) wifi:Init max length of beacon: 752/752[0m
[1;31mE (744) wifi:failed to post WiFi event=12 ret=259[0m
[0;32mI (744) WIFI: AP started. SSID: BAT-MAN, password: IamBATmanExxe25[0m
[0;32mI (754) AP: Static IP set to: 192.168.5.1[0m

assert failed: tcpip_send_msg_wait_sem /IDF/components/lwip/lwip/src/api/tcpip.c:454 (Invalid mbox)


Backtrace: 0x40081c3d:0x3ffba140 0x4008a5c5:0x3ffba160 0x40093279:0x3ffba180 0x4011c3cb:0x3ffba2a0 0x401294c6:0x3ffba2d0 0x4012955a:0x3ffba2f0 0x4011c219:0x3ffba340 0x400e312f:0x3ffba360 0x400e3780:0x3ffba3c0 0x400d87d9:0x3ffba3f0 0x400d7e71:0x3ffba5f0 0x400d7f1b:0x3ffba610 0x401575e3:0x3ffba630 0x4008b0a5:0x3ffba660




ELF file SHA256: 2c6952c9e

Rebooting...
ets Jun  8 2016 00:22:57

rst:0xc (SW_CPU_RESET),boot:0x13 (SPI_FAST_FLASH_BOOT)
configsip: 0, SPIWP:0xee
clk_drv:0x00,q_drv:0x00,d_drv:0x00,cs0_drv:0x00,hd_drv:0x00,wp_drv:0x00
mode:DIO, clock div:2
load:0x3fff0030,len:6276
load:0x40078000,len:15716
load:0x40080400,len:4
ho 8 tail 4 room 4
load:0x40080404,len:3860
entry 0x4008063c
[0;32mI (30) boot: ESP-IDF v5.4 2nd stage bootloader[0m
[0;32mI (31) boot: compile time Jan 19 2025 17:15:55[0m
[0;32mI (31) boot: Multicore bootloader[0m
[0;32mI (32) boot: chip revision: v1.0[0m
