oot: Multicore bootloader[0m
[0;32mI (34) boot: chip revision: v1.0Zï¿½ï¿½ï¿½j	m[0m
[0;32mI (52) boot: Enabling RNG early entropy source...[0m
[0;32mI (57) boot: Partition Table:[0m
[0;32mI (61) boot: ## Label            Usage          Type ST Offset   Length[0m
[0;3ï¿½ets Jun  8 2016 00:22:57

rst:0x1 (POWERON_RESET),boot:0x13 (SPI_FAST_FLASH_BOOT)
configsip: 0, SPIWP:0xee
clk_drv:0x00,q_drv:0x00,d_drv:0x00,cs0_drv:0x00,hd_drv:0x00,wp_drv:0x00
mode:DIO, clock div:2
load:0x3fff0030,len:7176
load:0x40078000,len:15564
ho 0 tail 12 room 4
load:0x40080400,len:4
load:0x40080404,len:3904
entry 0x40080640
[0;32mI (30) boot: ESP-IDF v5.3.2 2nd stage bootloader[0m
[0;32mI (30) boot: compile time Dec 27 2024 10:11:54[0m
[0;32mI (30) boot: Multicore bootloader[0m
[0;32mI (34) boot: chip revision: v1.0[0m
[0;32mI (38) boot.esp32: SPI Speed      : 40MHz[0m
[0;32mI (43) boot.esp32: SPI Mode       : DIO[0m
[0;32mI (47) boot.esp32: SPI Flash Size : 2MB[0m
[0;32mI (52) boot: Enabling RNG early entropy source...[0m
[0;32mI (57) boot: Partition Table:[0m
[0;32mI (61) boot: ## Label            Usage          Type ST Offset   Length[0m
[0;32mI (68) boot:  0 nvs              WiFi data        01 02 00009000 00006000[0m
[0;32mI (76) boot:  1 phy_init         RF data          01 01 0000f000 00001000[0m
[0;32mI (83) boot:  2 factory          factory app      00 00 00010000 00100000[0m
[0;32mI (91) boot: End of partition table[0m
[0;32mI (95) esp_image: segment 0: paddr=00010020 vaddr=3f400020 size=0b80ch ( 47116) map[0m
[0;32mI (119) esp_image: segment 1: paddr=0001b834 vaddr=3ffb0000 size=023e4h (  9188) load[0m
[0;32mI (123) esp_image: segment 2: paddr=0001dc20 vaddr=40080000 size=023f8h (  9208) load[0m
[0;32mI (129) esp_image: segment 3: paddr=00020020 vaddr=400d0020 size=17ad4h ( 96980) map[0m
[0;32mI (167) esp_image: segment 4: paddr=00037afc vaddr=400823f8 size=0b67ch ( 46716) load[0m
[0;32mI (192) boot: Loaded app from partition at offset 0x10000[0m
[0;32mI (192) boot: Disabling RNG early entropy source...[0m
[0;32mI (205) cpu_start: Multicore app[0m
[0;32mI (213) cpu_start: Pro cpu start user code[0m
[0;32mI (213) cpu_start: cpu freq: 160000000 Hz[0m
[0;32mI (213) app_init: Application information:[0m
[0;32mI (216) app_init: Project name:     Batman_esp[0m
[0;32mI (221) app_init: App version:      f448586-dirty[0m
[0;32mI (227) app_init: Compile time:     Dec 27 2024 10:11:49[0m
[0;32mI (233) app_init: ELF file SHA256:  5061f4b5a...[0m
[0;32mI (238) app_init: ESP-IDF:          v5.3.2[0m
[0;32mI (243) efuse_init: Min chip rev:     v0.0[0m
[0;32mI (247) efuse_init: Max chip rev:     v3.99 [0m
[0;32mI (252) efuse_init: Chip rev:         v1.0[0m
[0;32mI (257) heap_init: Initializing. RAM available for dynamic allocation:[0m
[0;32mI (265) heap_init: At 3FFAE6E0 len 00001920 (6 KiB): DRAM[0m
[0;32mI (270) heap_init: At 3FFB2E10 len 0002D1F0 (180 KiB): DRAM[0m
[0;32mI (277) heap_init: At 3FFE0440 len 00003AE0 (14 KiB): D/IRAM[0m
[0;32mI (283) heap_init: At 3FFE4350 len 0001BCB0 (111 KiB): D/IRAM[0m
[0;32mI (289) heap_init: At 4008DA74 len 0001258C (73 KiB): IRAM[0m
[0;32mI (297) spi_flash: detected chip: generic[0m
[0;32mI (300) spi_flash: flash io: dio[0m
[0;33mW (304) spi_flash: Detected size(4096k) larger than the size in the binary image header(2048k). Using the size in the binary image header.[0m
[0;32mI (318) main_task: Started on CPU0[0m
[0;32mI (328) main_task: Calling app_main()[0m
[0;32mI (328) gpio: GPIO[22]| InputEn: 1| OutputEn: 0| OpenDrain: 0| Pullup: 0| Pulldown: 0| Intr:0 [0m
[0;32mI (328) gpio: GPIO[21]| InputEn: 0| OutputEn: 1| OpenDrain: 0| Pullup: 0| Pulldown: 0| Intr:0 [0m
[+] TWAI Driver installed and started
[+] System Initialised
[0;32mI (348) main_task: Returned from app_main()[0m
[0;31mE (1348) ADBS_Query: [-] Failed to give Semaphore to ADBMS query[0m
[*] Running diagnostic test...
[+] Querying... 
[0;31mE (1348) spi_master: check_trans_valid(1024): invalid dev handle[0m
[0;32mI (1348) SPI setup: [-] Failed to read modules[0m
Guru Meditation Error: Core  0 panic'ed (LoadProhibited). Exception was unhandled.

Core  0 register dump:
PC      : 0x400882ec  PS      : 0x00060533  A0      : 0x8008620e  A1      : 0x3ffb70b0  
A2      : 0x3ffb56e0  A3      : 0x3ffb7110  A4      : 0x00000000  A5      : 0x00000000  
A6      : 0x00000000  A7      : 0x00000021  A8      : 0x3ffb6cfc  A9      : 0x3ffb7080  
A10     : 0x00000001  A11     : 0xffffffff  A12     : 0x00000004  A13     : 0x00060523  
A14     : 0x3ffafa28  A15     : 0x0000cdcd  SAR     : 0x00000018  EXCCAUSE: 0x0000001c  
EXCVADDR: 0x00000049  LBEG    : 0x4000c2e0  LEND    : 0x4000c2f6  LCOUNT  : 0xffffffff  


Backtrace: 0x400882e9:0x3ffb70b0 0x4008620b:0x3ffb70d0 0x400d6567:0x3ffb7110 0x400d697d:0x3ffb7140 0x400d6a85:0x3ffb7190 0x40086865:0x3ffb75b0




ELF file SHA256: 5061f4b5a

Rebooting...
ets Jun  8 2016 00:22:57

rst:0xc (SW_CPU_RESET),boot:0x13 (SPI_FAST_FLASH_BOOT)
configsip: 0, SPIWP:0xee
clk_drv:0x00,q_drv:0x00,d_drv:0x00,cs0_drv:0x00,hd_drv:0x00,wp_drv:0x00
mode:DIO, clock div:2
load:0x3fff0030,len:7176
load:0x40078000,len:15564
ho 0 tail 12 room 4
load:0x40080400,len:4
load:0x40080404,len:3904
entry 0x40080640
[0;32mI (31) boot: ESP-IDF v5.3.2 2nd stage bootloader[0m
[0;32mI (31) boot: compile time Dec 27 2024 10:11:54[0m
[0;32mI (31) boot: Multicore bootloader[0m
[0;32mI (35) boot: chip revision: v1.0[0m
[0;32mI (39) boot.esp32: SPI Speed      : 40MHz[0m
[0;32mI (44) boot.esp32: SPI Mode       : DIO[0m
[0;32mI (48) boot.esp32: SPI Flash Size : 2MB[0m
[0;32mI (53) boot: Enabling RNG early entropy source...[0m
[0;32mI (58) boot: Partition Table:[0m
[0;32mI (62) boot: ## Label            Usage          Type ST Offset   Length[0m
[0;32mI (69) boot:  0 nvs              WiFi data        01 02 00009000 00006000[0m
[0;32mI (76) boot:  1 phy_init         RF data          01 01 0000f000 00001000[0m
[0;32mI (84) boot:  2 factory          factory app      00 00 00010000 00100000[0m
[0;32mI (91) boot: End of partition table[0m
[0;32mI (96) esp_image: segment 0: paddr=00010020 vaddr=3f400020 size=0b80ch ( 47116) map[0m
[0;32mI (120) esp_image: segment 1: paddr=0001b834 vaddr=3ffb0000 size=023e4h (  9188) load[0m
[0;32mI (124) esp_image: segment 2: paddr=0001dc20 vaddr=40080000 size=023f8h (  9208) load[0m
[0;32mI (130) esp_image: segment 3: paddr=00020020 vaddr=400d0020 size=17ad4h ( 96980) map[0m
[0;32mI (168) esp_image: segment 4: paddr=00037afc vaddr=400823f8 size=0b67ch ( 46716) load[0m
[0;32mI (193) boot: Loaded app from partition at offset 0x10000[0m
[0;32mI (193) boot: Disabling RNG early entropy source...[0m
[0;32mI (206) cpu_start: Multicore app[0m
[0;32mI (214) cpu_start: Pro cpu start user code[0m
[0;32mI (214) cpu_start: cpu freq: 160000000 Hz[0m
[0;32mI (214) app_init: Application information:[0m
[0;32mI (217) app_init: Project name:     Batman_esp[0m
[0;32mI (222) app_init: App version:      f448586-dirty[0m
[0;32mI (227) app_init: Compile time:     Dec 27 2024 10:11:49[0m
[0;32mI (233) app_init: ELF file SHA256:  5061f4b5a...[0m
[0;32mI (239) app_init: ESP-IDF:          v5.3.2[0m
[0;32mI (243) efuse_init: Min chip rev:     v0.0[0m
[0;32mI (248) efuse_init: Max chip rev:     v3.99 [0m
[0;32mI (253) efuse_init: Chip rev:         v1.0[0m
[0;32mI (258) heap_init: Initializing. RAM available for dynamic allocation:[0m
[0;32mI (265) heap_init: At 3FFAE6E0 len 00001920 (6 KiB): DRAM[0m
[0;32mI (271) heap_init: At 3FFB2E10 len 0002D1F0 (180 KiB): DRAM[0m
[0;32mI (278) heap_init: At 3FFE0440 len 00003AE0 (14 KiB): D/IRAM[0m
[0;32mI (284) heap_init: At 3FFE4350 len 0001BCB0 (111 KiB): D/IRAM[0m
[0;32mI (290) heap_init: At 4008DA74 len 0001258C (73 KiB): IRAM[0m
[0;32mI (298) spi_flash: detected chip: generic[0m
[0;32mI (301) spi_flash: flash io: dio[0m
[0;33mW (305) spi_flash: Detected size(4096k) larger than the size in the binary image header(2048k). Using the size in the binary image header.[0m
[0;32mI (319) main_task: Started on CPU0[0m
[0;32mI (329) main_task: Calling app_main()[0m
[0;32mI (329) gpio: GPIO[22]| InputEn: 1| OutputEn: 0| OpenDrain: 0| Pullup: 0| Pulldown: 0| Intr:0 [0m
[0;32mI (329) gpio: GPIO[21]| InputEn: 0| OutputEn: 1| OpenDrain: 0| Pullup: 0| Pulldown: 0| Intr:0 [0m
[+] TWAI Driver installed and started
[+] System Initialised
[0;32mI (349) main_task: Returned from app_main()[0m
[0;31mE (1349) ADBS_Query: [-] Failed to give Semaphore to ADBMS query[0m
[*] Running diagnostic test...
[+] Querying... 
[0;31mE (1349) spi_master: check_trans_valid(1024): invalid dev handle[0m
[0;32mI (1349) SPI setup: [-] Failed to read modules[0m
Guru Meditation Error: Core  0 panic'ed (LoadProhibited). Exception was unhandled.

Core  0 register dump:
PC      : 0x400882ec  PS      : 0x00060533  A0      : 0x8008620e  A1      : 0x3ffb70b0  
A2      : 0x3ffb56e0  A3      : 0x3ffb7110  A4      : 0x00000000  A5      : 0x00000000  
A6      : 0x00000000  A7      : 0x00000021  A8      : 0x3ffb6cfc  A9      : 0x3ffb7080  
A10     : 0x00000001  A11     : 0xffffffff  A12     : 0x00000004  A13     : 0x00060523  
A14     : 0x3ffafa28  A15     : 0x0000cdcd  SAR     : 0x00000018  EXCCAUSE: 0x0000001c  
EXCVADDR: 0x00000049  LBEG    : 0x4000c2e0  LEND    : 0x4000c2f6  LCOUNT  : 0xffffffff  


Backtrace: 0x400882e9:0x3ffb70b0 0x4008620b:0x3ffb70d0 0x400d6567:0x3ffb7110 0x400d697d:0x3ffb7140 0x400d6a85:0x3ffb7190 0x40086865:0x3ffb75b0




ELF file SHA256: 5061f4b5a

Rebooting...
ets Jun  8 2016 00:22:57

rst:0xc (SW_CPU_RESET),boot:0x13 (SPI_FAST_FLASH_BOOT)
configsip: 0, SPIWP:0xee
clk_drv:0x00,q_drv:0x00,d_drv:0x00,cs0_drv:0x00,hd_drv:0x00,wp_drv:0x00
mode:DIO, clock div:2
load:0x3fff0030,len:7176
load:0x40078000,len:15564
ho 0 tail 12 room 4
load:0x40080400,len:4
load:0x40080404,len:3904
entry 0x40080640
[0;32mI (31) boot: ESP-IDF v5.3.2 2nd stage bootloader[0m
[0;32mI (31) boot: compile time Dec 27 2024 10:11:54[0m
[0;32mI (31) boot: Multicore bootloader[0m
[0;32mI (35) boot: chip revision: v1.0[0m
[0;32mI (39) boot.esp32: SPI Speed      : 40MHz[0m
[0;32mI (44) boot.esp32: SPI Mode       : DIO[0m
[0;32mI (48) boot.esp32: SPI Flash Size : 2MB[0m
[0;32mI (53) boot: Enabling RNG early entropy source...[0m
[0;32mI (58) boot: Partition Table:[0m
[0;32mI (62) boot: ## Label            Usage          Type ST Offset   Length[0m
[0;32mI (69) boot:  0 nvs              WiFi data        01 02 00009000 00006000[0m
[0;32mI (76) boot:  1 phy_init         RF data          01 01 0000f000 00001000[0m
[0;32mI (84) boot:  2 factory          factory app      00 00 00010000 00100000[0m
[0;32mI (91) boot: End of partition table[0m
[0;32mI (96) esp_image: segment 0: paddr=00010020 vaddr=3f400020 size=0b80ch ( 47116) map[0m
[0;32mI (120) esp_image: segment 1: paddr=0001b834 vaddr=3ffb0000 size=023e4h (  9188) load[0m
[0;32mI (124) esp_image: segment 2: paddr=0001dc20 vaddr=40080000 size=023f8h (  9208) load[0m
[0;32mI (130) esp_image: segment 3: paddr=00020020 vaddr=400d0020 size=17ad4h ( 96980) map[0m
[0;32mI (168) esp_image: segment 4: paddr=00037afc vaddr=400823f8 size=0b67ch ( 46716) load[0m
[0;32mI (193) boot: Loaded app from partition at offset 0x10000[0m
[0;32mI (193) boot: Disabling RNG early entropy source...[0m
[0;32mI (206) cpu_start: Multicore app[0m
[0;32mI (214) cpu_start: Pro cpu start user code[0m
[0;32mI (214) cpu_start: cpu freq: 160000000 Hz[0m
[0;32mI (214) app_init: Application information:[0m
[0;32mI (217) app_init: Project name:     Batman_esp[0m
[0;32mI (222) app_init: App version:      f448586-dirty[0m
[0;32mI (227) app_init: Compile time:     Dec 27 2024 10:11:49[0m
[0;32mI (233) app_init: ELF file SHA256:  5061f4b5a...[0m
[0;32mI (239) app_init: ESP-IDF:          v5.3.2[0m
[0;32mI (243) efuse_init: Min chip rev:     v0.0[0m
[0;32mI (248) efuse_init: Max chip rev:     v3.99 [0m
[0;32mI (253) efuse_init: Chip rev:         v1.0[0m
[0;32mI (258) heap_init: Initializing. RAM available for dynamic allocation:[0m
[0;32mI (265) heap_init: At 3FFAE6E0 len 00001920 (6 KiB): DRAM[0m
[0;32mI (271) heap_init: At 3FFB2E10 len 0002D1F0 (180 KiB): DRAM[0m
[0;32mI (278) heap_init: At 3FFE0440 len 00003AE0 (14 KiB): D/IRAM[0m
[0;32mI (284) heap_init: At 3FFE4350 len 0001BCB0 (111 KiB): D/IRAM[0m
[0;32mI (290) heap_init: At 4008DA74 len 0001258C (73 KiB): IRAM[0m
[0;32mI (298) spi_flash: detected chip: generic[0m
[0;32mI (301) spi_flash: flash io: dio[0m
[0;33mW (305) spi_flash: Detected size(4096k) larger than the size in the binary image header(2048k). Using the size in the binary image header.[0m
[0;32mI (319) main_task: Started on CPU0[0m
[0;32mI (329) main_task: Calling app_main()[0m
[0;32mI (329) gpio: GPIO[22]| InputEn: 1| OutputEn: 0| OpenDrain: 0| Pullup: 0| Pulldown: 0| Intr:0 [0m
[0;32mI (329) gpio: GPIO[21]| InputEn: 0| OutputEn: 1| OpenDrain: 0| Pullup: 0| Pulldown: 0| Intr:0 [0m
[+] TWAI Driver installed and started
[+] System Initialised
[0;32mI (349) main_task: Returned from app_main()[0m
[0;31mE (1349) ADBS_Query: [-] Failed to give Semaphore to ADBMS query[0m
[*] Running diagnostic test...
[+] Querying... 
[0;31mE (1349) spi_master: check_trans_valid(1024): invalid dev handle[0m
[0;32mI (1349) SPI setup: [-] Failed to read modules[0m
Guru Meditation Error: Core  0 panic'ed (LoadProhibited). Exception was unhandled.

Core  0 register dump:
PC      : 0x400882ec  PS      : 0x00060533  A0      : 0x8008620e  A1      : 0x3ffb70b0  
A2      : 0x3ffb56e0  A3      : 0x3ffb7110  A4      : 0x00000000  A5      : 0x00000000  
A6      : 0x00000000  A7      : 0x00000021  A8      : 0x3ffb6cfc  A9      : 0x3ffb7080  
A10     : 0x00000001  A11     : 0xffffffff  A12     : 0x00000004  A13     : 0x00060523  
A14     : 0x3ffafa28  A15     : 0x0000cdcd  SAR     : 0x00000018  EXCCAUSE: 0x0000001c  
EXCVADDR: 0x00000049  LBEG    : 0x4000c2e0  LEND    : 0x4000c2f6  LCOUNT  : 0xffffffff  


Backtrace: 0x400882e9:0x3ffb70b0 0x4008620b:0x3ffb70d0 0x400d6567:0x3ffb7110 0x400d697d:0x3ffb7140 0x400d6a85:0x3ffb7190 0x40086865:0x3ffb75b0




ELF file SHA256: 5061f4b5a

Rebooting...
ets Jun  8 2016 00:22:57

rst:0xc (SW_CPU_RESET),boot:0x13 (SPI_FAST_FLASH_BOOT)
configsip: 0, SPIWP:0xee
clk_drv:0x00,q_drv:0x00,d_drv:0x00,cs0_drv:0x00,hd_drv:0x00,wp_drv:0x00
mode:DIO, clock div:2
load:0x3fff0030,len:7176
load:0x40078000,len:15564
ho 0 tail 12 room 4
load:0x40080400,len:4
load:0x40080404,len:3904
entry 0x40080640
[0;32mI (31) boot: ESP-IDF v5.3.2 2nd stage bootloader[0m
[0;32mI (31) boot: compile time Dec 27 2024 10:11:54[0m
[0;32mI (31) boot: Multicore bootloader[0m
[0;32mI (35) boot: chip revision: v1.0[0m
[0;32mI (39) boot.esp32: SPI Speed      : 40MHz[0m
[0;32mI (44) boot.esp32: SPI Mode       : DIO[0m
[0;32mI (48) boot.esp32: SPI Flash Size : 2MB[0m
[0;32mI (53) boot: Enabling RNG early entropy source...[0m
[0;32mI (58) boot: Partition Table:[0m
[0;32mI (62) boot: ## Label            Usage          Type ST Offset   Length[0m
[0;32mI (69) boot:  0 nvs              WiFi data        01 02 00009000 00006000[0m
[0;32mI (76) boot:  1 phy_init         RF data          01 01 0000f000 00001000[0m
[0;32mI (84) boot:  2 factory          factory app      00 00 00010000 00100000[0m
[0;32mI (91) boot: End of partition table[0m
[0;32mI (96) esp_image: segment 0: paddr=00010020 vaddr=3f400020 size=0b80ch ( 47116) map[0m
[0;32mI (120) esp_image: segment 1: paddr=0001b834 vaddr=3ffb0000 size=023e4h (  9188) load[0m
[0;32mI (124) esp_image: segment 2: paddr=0001dc20 vaddr=40080000 size=023f8h (  9208) load[0m
[0;32mI (130) esp_image: segment 3: paddr=00020020 vaddr=400d0020 size=17ad4h ( 96980) map[0m
[0;32mI (168) esp_image: segment 4: paddr=00037afc vaddr=400823f8 size=0b67ch ( 46716) load[0m
[0;32mI (193) boot: Loaded app from partition at offset 0x10000[0m
[0;32mI (193) boot: Disabling RNG early entropy source...[0m
[0;32mI (206) cpu_start: Multicore app[0m
[0;32mI (214) cpu_start: Pro cpu start user code[0m
[0;32mI (214) cpu_start: cpu freq: 160000000 Hz[0m
[0;32mI (214) app_init: Application information:[0m
[0;32mI (217) app_init: Project name:     Batman_esp[0m
[0;32mI (222) app_init: App version:      f448586-dirty[0m
[0;32mI (227) app_init: Compile time:     Dec 27 2024 10:11:49[0m
[0;32mI (233) app_init: ELF file SHA256:  5061f4b5a...[0m
[0;32mI (239) app_init: ESP-IDF:          v5.3.2[0m
[0;32mI (243) efuse_init: Min chip rev:     v0.0[0m
[0;32mI (248) efuse_init: Max chip rev:     v3.99 [0m
[0;32mI (253) efuse_init: Chip rev:         v1.0[0m
[0;32mI (258) heap_init: Initializing. RAM available for dynamic allocation:[0m
[0;32mI (265) heap_init: At 3FFAE6E0 len 00001920 (6 KiB): DRAM[0m
[0;32mI (271) heap_init: At 3FFB2E10 len 0002D1F0 (180 KiB): DRAM[0m
[0;32mI (278) heap_init: At 3FFE0440 len 00003AE0 (14 KiB): D/IRAM[0m
[0;32mI (284) heap_init: At 3FFE4350 len 0001BCB0 (111 KiB): D/IRAM[0m
[0;32mI (290) heap_init: At 4008DA74 len 0001258C (73 KiB): IRAM[0m
[0;32mI (298) spi_flash: detected chip: generic[0m
[0;32mI (301) spi_flash: flash io: dio[0m
[0;33mW (305) spi_flash: Detected size(4096k) larger than the size in the binary image header(2048k). Using the size in the binary image header.[0m
[0;32mI (319) main_task: Started on CPU0[0m
[0;32mI (329) main_task: Calling app_main()[0m
[0;32mI (329) gpio: GPIO[22]| InputEn: 1| OutputEn: 0| OpenDrain: 0| Pullup: 0| Pulldown: 0| Intr:0 [0m
[0;32mI (329) gpio: GPIO[21]| InputEn: 0| OutputEn: 1| OpenDrain: 0| Pullup: 0| Pulldown: 0| Intr:0 [0m
[+] TWAI Driver installed and started
[+] System Initialised
[0;32mI (349) main_task: Returned from app_main()[0m
[0;31mE (1349) ADBS_Query: [-] Failed to give Semaphore to ADBMS query[0m
[*] Running diagnostic test...
[+] Querying... 
[0;31mE (1349) spi_master: check_trans_valid(1024): invalid dev handle[0m
[0;32mI (1349) SPI setup: [-] Failed to read modules[0m
Guru Meditation Error: Core  0 panic'ed (LoadProhibited). Exception was unhandled.

Core  0 register dump:
PC      : 0x400882ec  PS      : 0x00060533  A0      : 0x8008620e  A1      : 0x3ffb70b0  
A2      : 0x3ffb56e0  A3      : 0x3ffb7110  A4      : 0x00000000  A5      : 0x00000000  
A6      : 0x00000000  A7      : 0x00000021  A8      : 0x3ffb6cfc  A9      : 0x3ffb7080  
A10     : 0x00000001  A11     : 0xffffffff  A12     : 0x00000004  A13     : 0x00060523  
A14     : 0x3ffafa28  A15     : 0x0000cdcd  SAR     : 0x00000018  EXCCAUSE: 0x0000001c  
EXCVADDR: 0x00000049  LBEG    : 0x4000c2e0  LEND    : 0x4000c2f6  LCOUNT  : 0xffffffff  


Backtrace: 0x400882e9:0x3ffb70b0 0x4008620b:0x3ffb70d0 0x400d6567:0x3ffb7110 0x400d697d:0x3ffb7140 0x400d6a85:0x3ffb7190 0x40086865:0x3ffb75b0




ELF file SHA256: 5061f4b5a

Rebooting...
ets Jun  8 2016 00:22:57

rst:0xc (SW_CPU_RESET),boot:0x13 (SPI_FAST_FLASH_BOOT)
configsip: 0, SPIWP:0xee
clk_drv:0x00,q_drv:0x00,d_drv:0x00,cs0_drv:0x00,hd_drv:0x00,wp_drv:0x00
mode:DIO, clock div:2
load:0x3fff0030,len:7176
load:0x40078000,len:15564
ho 0 tail 12 room 4
load:0x40080400,len:4
load:0x40080404,len:3904
entry 0x40080640
[0;32mI (31) boot: ESP-IDF v5.3.2 2nd stage bootloader[0m
[0;32mI (31) boot: compile time Dec 27 2024 10:11:54[0m
[0;32mI (31) boot: Multicore bootloader[0m
[0;32mI (35) boot: chip revision: v1.0[0m
[0;32mI (39) boot.esp32: SPI Speed      : 40MHz[0m
[0;32mI (44) boot.esp32: SPI Mode       : DIO[0m
[0;32mI (48) boot.esp32: SPI Flash Size : 2MB[0m
[0;32mI (53) boot: Enabling RNG early entropy source...[0m
[0;32mI (58) boot: Partition Table:[0m
[0;32mI (62) boot: ## Label            Usage          Type ST Offset   Length[0m
[0;32mI (69) boot:  0 nvs              WiFi data        01 02 00009000 00006000[0m
[0;32mI (76) boot:  1 phy_init         RF data          01 01 0000f000 00001000[0m
[0;32mI (84) boot:  2 factory          factory app      00 00 00010000 00100000[0m
[0;32mI (91) boot: End of partition table[0m
[0;32mI (96) esp_image: segment 0: paddr=00010020 vaddr=3f400020 size=0b80ch ( 47116) map[0m
[0;32mI (120) esp_image: segment 1: paddr=0001b834 vaddr=3ffb0000 size=023e4h (  9188) load[0m
[0;32mI (124) esp_image: segment 2: paddr=0001dc20 vaddr=40080000 size=023f8h (  9208) load[0m
[0;32mI (130) esp_image: segment 3: paddr=00020020 vaddr=400d0020 size=17ad4h ( 96980) map[0m
[0;32mI (168) esp_image: segment 4: paddr=00037afc vaddr=400823f8 size=0b67ch ( 46716) load[0m
[0;32mI (193) boot: Loaded app from partition at offset 0x10000[0m
[0;32mI (193) boot: Disabling RNG early entropy source...[0m
[0;32mI (206) cpu_start: Multicore app[0m
[0;32mI (214) cpu_start: Pro cpu start user code[0m
[0;32mI (214) cpu_start: cpu freq: 160000000 Hz[0m
[0;32mI (214) app_init: Application information:[0m
[0;32mI (217) app_init: Project name:     Batman_esp[0m
[0;32mI (222) app_init: App version:      f448586-dirty[0m
[0;32mI (227) app_init: Compile time:     Dec 27 2024 10:11:49[0m
[0;32mI (233) app_init: ELF file SHA256:  5061f4b5a...[0m
[0;32mI (239) app_init: ESP-IDF:          v5.3.2[0m
[0;32mI (243) efuse_init: Min chip rev:     v0.0[0m
[0;32mI (248) efuse_init: Max chip rev:     v3.99 [0m
[0;32mI (253) efuse_init: Chip rev:         v1.0[0m
[0;32mI (258) heap_init: Initializing. RAM available for dynamic allocation:[0m
[0;32mI (265) heap_init: At 3FFAE6E0 len 00001920 (6 KiB): DRAM[0m
[0;32mI (271) heap_init: At 3FFB2E10 len 0002D1F0 (180 KiB): DRAM[0m
[0;32mI (278) heap_init: At 3FFE0440 len 00003AE0 (14 KiB): D/IRAM[0m
[0;32mI (284) heap_init: At 3FFE4350 len 0001BCB0 (111 KiB): D/IRAM[0m
[0;32mI (290) heap_init: At 4008DA74 len 0001258C (73 KiB): IRAM[0m
[0;32mI (298) spi_flash: detected chip: generic[0m
[0;32mI (301) spi_flash: flash io: dio[0m
[0;33mW (305) spi_flash: Detected size(4096k) larger than the size in the binary image header(2048k). Using the size in the binary image header.[0m
[0;32mI (319) main_task: Started on CPU0[0m
[0;32mI (329) main_task: Calling app_main()[0m
[0;32mI (329) gpio: GPIO[22]| InputEn: 1| OutputEn: 0| OpenDrain: 0| Pullup: 0| Pulldown: 0| Intr:0 [0m
[0;32mI (329) gpio: GPIO[21]| InputEn: 0| OutputEn: 1| OpenDrain: 0| Pullup: 0| Pulldown: 0| Intr:0 [0m
[+] TWAI Driver installed and started
[+] System Initialised
[0;32mI (349) main_task: Returned from app_main()[0m
