
[0;32mI (30) boot: Multicore bootloader[0m
[0;32mI (31) boot: chip revision:Yï¿½"%=5[0m
[0;32mI (41) boot.esp32: SPI Flash Size : 2MB[0m
[0;32mI (44) boot: Enabling RNG early entropy source...[0m
[0;32mI (49) boot: Partition Table:[0m
[0;32mI (52) boot: ## Label            Usage          Type ST Offset   Lengtï¿½ets Jun  8 2016 00:22:57[0m

rst:0x1 (POWERON_RESET),boot:0x13 (SPI_FAST_FLASH_BOOT)
configsip: 0, SPIWP:0xee
clk_drv:0x00,q_drv:0x00,d_drv:0x00,cs0_drv:0x00,hd_drv:0x00,wp_drv:0x00
mode:DIO, clock div:2
load:0x3fff0030,len:6276
load:0x40078000,len:15716
load:0x40080400,len:4
ho 8 tail 4 room 4
load:0x40080404,len:3860
entry 0x4008063c
[0;32mI (30) boot: ESP-IDF v5.4 2nd stage bootloader[0m
[0;32mI (30) boot: compile time Jan 19 2025 17:15:55[0m
[0;32mI (30) boot: Multicore bootloader[0m
[0;32mI (31) boot: chip revision: v1.0[0m
[0;32mI (34) boot.esp32: SPI Speed      : 40MHz[0m
[0;32mI (37) boot.esp32: SPI Mode       : DIO[0m
[0;32mI (41) boot.esp32: SPI Flash Size : 2MB[0m
[0;32mI (44) boot: Enabling RNG early entropy source...[0m
[0;32mI (49) boot: Partition Table:[0m
[0;32mI (51) boot: ## Label            Usage          Type ST Offset   Length[0m
[0;32mI (58) boot:  0 nvs              WiFi data        01 02 00009000 00006000[0m
[0;32mI (64) boot:  1 phy_init         RF data          01 01 0000f000 00001000[0m
[0;32mI (71) boot:  2 factory          factory app      00 00 00010000 00100000[0m
[0;32mI (77) boot: End of partition table[0m
[0;32mI (81) esp_image: segment 0: paddr=00010020 vaddr=3f400020 size=1c91ch (117020) map[0m
[0;32mI (128) esp_image: segment 1: paddr=0002c944 vaddr=3ff80000 size=0001ch (    28) load[0m
[0;32mI (128) esp_image: segment 2: paddr=0002c968 vaddr=3ffb0000 size=036b0h ( 14000) load[0m
[0;32mI (137) esp_image: segment 3: paddr=00030020 vaddr=400d0020 size=89438h (562232) map[0m
[0;32mI (332) esp_image: segment 4: paddr=000b9460 vaddr=3ffb36b0 size=00a10h (  2576) load[0m
[0;32mI (333) esp_image: segment 5: paddr=000b9e78 vaddr=40080000 size=19528h (103720) load[0m
[0;32mI (388) boot: Loaded app from partition at offset 0x10000[0m
[0;32mI (388) boot: Disabling RNG early entropy source...[0m
[0;32mI (398) cpu_start: Multicore app[0m
[0;32mI (407) cpu_start: Pro cpu start user code[0m
[0;32mI (407) cpu_start: cpu freq: 160000000 Hz[0m
[0;32mI (407) app_init: Application information:[0m
[0;32mI (410) app_init: Project name:     Batman_esp[0m
[0;32mI (415) app_init: App version:      ef0026a5-dirty[0m
[0;32mI (420) app_init: Compile time:     Jan 19 2025 17:15:50[0m
[0;32mI (426) app_init: ELF file SHA256:  bd438cc8f...[0m
[0;32mI (432) app_init: ESP-IDF:          v5.4[0m
[0;32mI (436) efuse_init: Min chip rev:     v0.0[0m
[0;32mI (441) efuse_init: Max chip rev:     v3.99 [0m
[0;32mI (446) efuse_init: Chip rev:         v1.0[0m
[0;32mI (451) heap_init: Initializing. RAM available for dynamic allocation:[0m
[0;32mI (458) heap_init: At 3FFAE6E0 len 00001920 (6 KiB): DRAM[0m
[0;32mI (464) heap_init: At 3FFB8338 len 00027CC8 (159 KiB): DRAM[0m
[0;32mI (470) heap_init: At 3FFE0440 len 00003AE0 (14 KiB): D/IRAM[0m
[0;32mI (477) heap_init: At 3FFE4350 len 0001BCB0 (111 KiB): D/IRAM[0m
[0;32mI (483) heap_init: At 40099528 len 00006AD8 (26 KiB): IRAM[0m
[0;32mI (491) spi_flash: detected chip: generic[0m
[0;32mI (494) spi_flash: flash io: dio[0m
[0;33mW (498) spi_flash: Detected size(4096k) larger than the size in the binary image header(2048k). Using the size in the binary image header.[0m
[0;32mI (512) main_task: Started on CPU0[0m
[0;32mI (522) main_task: Calling app_main()[0m
[0;32mI (522) CAN_HANDLER: [+] TWAI Driver installed and started[0m
ESP_ERROR_CHECK failed: esp_err_t 0x3001 (ESP_ERR_WIFI_NOT_INIT) at 0x400d86f4
file: "./main/WIFI.c" line 35
func: WIFI_Setup
expression: esp_wifi_set_mode(WIFI_MODE_AP)

abort() was called at PC 0x4008a5bb on core 0


Backtrace: 0x40081c3d:0x3ffba310 0x4008a5c5:0x3ffba330 0x40093141:0x3ffba350 0x4008a5bb:0x3ffba3c0 0x400d86f4:0x3ffba3f0 0x400d7e59:0x3ffba5f0 0x400d7f03:0x3ffba610 0x4015746b:0x3ffba630 0x4008b0a5:0x3ffba660




ELF file SHA256: bd438cc8f

Rebooting...
ets Jun  8 2016 00:22:57

rst:0xc (SW_CPU_RESET),boot:0x13 (SPI_FAST_FLASH_BOOT)
configsip: 0, SPIWP:0xee
clk_drv:0x00,q_drv:0x00,d_drv:0x00,cs0_drv:0x00,hd_drv:0x00,wp_drv:0x00
mode:DIO, clock div:2
load:0x3fff0030,len:6276
load:0x40078000,len:15716
load:0x40080400,len:4
ho 8 tail 4 room 4
load:0x40080404,len:3860
entry 0x4008063c
[0;32mI (30) boot: ESP-IDF v5.4 2nd stage bootloader[0m
[0;32mI (31) boot: compile time Jan 19 2025 17:15:55[0m
[0;32mI (31) boot: Multicore bootloader[0m
[0;32mI (32) boot: chip revision: v1.0[0m
[0;32mI (35) boot.esp32: SPI Speed      : 40MHz[0m
[0;32mI (39) boot.esp32: SPI Mode       : DIO[0m
[0;32mI (42) boot.esp32: SPI Flash Size : 2MB[0m
[0;32mI (46) boot: Enabling RNG early entropy source...[0m
[0;32mI (50) boot: Partition Table:[0m
[0;32mI (53) boot: ## Label            Usage          Type ST Offset   Length[0m
[0;32mI (59) boot:  0 nvs              WiFi data        01 02 00009000 00006000[0m
[0;32mI (66) boot:  1 phy_init         RF data          01 01 0000f000 00001000[0m
[0;32mI (72) boot:  2 factory          factory app      00 00 00010000 00100000[0m
[0;32mI (79) boot: End of partition table[0m
[0;32mI (82) esp_image: segment 0: paddr=00010020 vaddr=3f400020 size=1c91ch (117020) map[0m
[0;32mI (130) esp_image: segment 1: paddr=0002c944 vaddr=3ff80000 size=0001ch (    28) load[0m
[0;32mI (130) esp_image: segment 2: paddr=0002c968 vaddr=3ffb0000 size=036b0h ( 14000) load[0m
[0;32mI (139) esp_image: segment 3: paddr=00030020 vaddr=400d0020 size=89438h (562232) map[0m
[0;32mI (333) esp_image: segment 4: paddr=000b9460 vaddr=3ffb36b0 size=00a10h (  2576) load[0m
[0;32mI (334) esp_image: segment 5: paddr=000b9e78 vaddr=40080000 size=19528h (103720) load[0m
[0;32mI (389) boot: Loaded app from partition at offset 0x10000[0m
[0;32mI (389) boot: Disabling RNG early entropy source...[0m
[0;32mI (400) cpu_start: Multicore app[0m
[0;32mI (408) cpu_start: Pro cpu start user code[0m
[0;32mI (408) cpu_start: cpu freq: 160000000 Hz[0m
[0;32mI (408) app_init: Application information:[0m
[0;32mI (411) app_init: Project name:     Batman_esp[0m
[0;32mI (416) app_init: App version:      ef0026a5-dirty[0m
[0;32mI (422) app_init: Compile time:     Jan 19 2025 17:15:50[0m
[0;32mI (428) app_init: ELF file SHA256:  bd438cc8f...[0m
[0;32mI (433) app_init: ESP-IDF:          v5.4[0m
[0;32mI (438) efuse_init: Min chip rev:     v0.0[0m
[0;32mI (442) efuse_init: Max chip rev:     v3.99 [0m
[0;32mI (447) efuse_init: Chip rev:         v1.0[0m
[0;32mI (452) heap_init: Initializing. RAM available for dynamic allocation:[0m
[0;32mI (459) heap_init: At 3FFAE6E0 len 00001920 (6 KiB): DRAM[0m
[0;32mI (465) heap_init: At 3FFB8338 len 00027CC8 (159 KiB): DRAM[0m
[0;32mI (472) heap_init: At 3FFE0440 len 00003AE0 (14 KiB): D/IRAM[0m
[0;32mI (478) heap_init: At 3FFE4350 len 0001BCB0 (111 KiB): D/IRAM[0m
[0;32mI (484) heap_init: At 40099528 len 00006AD8 (26 KiB): IRAM[0m
[0;32mI (492) spi_flash: detected chip: generic[0m
[0;32mI (495) spi_flash: flash io: dio[0m
[0;33mW (499) spi_flash: Detected size(4096k) larger than the size in the binary image header(2048k). Using the size in the binary image header.[0m
[0;32mI (513) main_task: Started on CPU0[0m
[0;32mI (523) main_task: Calling app_main()[0m
[0;32mI (523) CAN_HANDLER: [+] TWAI Driver installed and started[0m
ESP_ERROR_CHECK failed: esp_err_t 0x3001 (ESP_ERR_WIFI_NOT_INIT) at 0x400d86f4
file: "./main/WIFI.c" line 35
func: WIFI_Setup
expression: esp_wifi_set_mode(WIFI_MODE_AP)

abort() was called at PC 0x4008a5bb on core 0


Backtrace: 0x40081c3d:0x3ffba310 0x4008a5c5:0x3ffba330 0x40093141:0x3ffba350 0x4008a5bb:0x3ffba3c0 0x400d86f4:0x3ffba3f0 0x400d7e59:0x3ffba5f0 0x400d7f03:0x3ffba610 0x4015746b:0x3ffba630 0x4008b0a5:0x3ffba660




ELF file SHA256: bd438cc8f

Rebooting...
ets Jun  8 2016 00:22:57

rst:0xc (SW_CPU_RESET),boot:0x13 (SPI_FAST_FLASH_BOOT)
configsip: 0, SPIWP:0xee
clk_drv:0x00,q_drv:0x00,d_drv:0x00,cs0_drv:0x00,hd_drv:0x00,wp_drv:0x00
mode:DIO, clock div:2
load:0x3fff0030,len:6276
load:0x40078000,len:15716
load:0x40080400,len:4
ho 8 tail 4 room 4
load:0x40080404,len:3860
entry 0x4008063c
[0;32mI (30) boot: ESP-IDF v5.4 2nd stage bootloader[0m
[0;32mI (31) boot: compile time Jan 19 2025 17:15:55[0m
[0;32mI (31) boot: Multicore bootloader[0m
[0;32mI (32) boot: chip revision: v1.0[0m
[0;32mI (35) boot.esp32: SPI Speed      : 40MHz[0m
[0;32mI (39) boot.esp32: SPI Mode       : DIO[0m
[0;32mI (42) boot.esp32: SPI Flash Size : 2MB[0m
[0;32mI (46) boot: Enabling RNG early entropy source...[0m
[0;32mI (50) boot: Partition Table:[0m
[0;32mI (53) boot: ## Label            Usage          Type ST Offset   Length[0m
[0;32mI (59) boot:  0 nvs              WiFi data        01 02 00009000 00006000[0m
[0;32mI (66) boot:  1 phy_init         RF data          01 01 0000f000 00001000[0m
[0;32mI (72) boot:  2 factory          factory app      00 00 00010000 00100000[0m
[0;32mI (79) boot: End of partition table[0m
[0;32mI (82) esp_image: segment 0: paddr=00010020 vaddr=3f400020 size=1c91ch (117020) map[0m
[0;32mI (130) esp_image: segment 1: paddr=0002c944 vaddr=3ff80000 size=0001ch (    28) load[0m
[0;32mI (130) esp_image: segment 2: paddr=0002c968 vaddr=3ffb0000 size=036b0h ( 14000) load[0m
[0;32mI (139) esp_image: segment 3: paddr=00030020 vaddr=400d0020 size=89438h (562232) map[0m
[0;32mI (333) esp_image: segment 4: paddr=000b9460 vaddr=3ffb36b0 size=00a10h (  2576) load[0m
[0;32mI (334) esp_image: segment 5: paddr=000b9e78 vaddr=40080000 size=19528h (103720) load[0m
[0;32mI (389) boot: Loaded app from partition at offset 0x10000[0m
[0;32mI (389) boot: Disabling RNG early entropy source...[0m
[0;32mI (400) cpu_start: Multicore app[0m
[0;32mI (408) cpu_start: Pro cpu start user code[0m
[0;32mI (408) cpu_start: cpu freq: 160000000 Hz[0m
[0;32mI (408) app_init: Application information:[0m
[0;32mI (411) app_init: Project name:     Batman_esp[0m
[0;32mI (416) app_init: App version:      ef0026a5-dirty[0m
[0;32mI (422) app_init: Compile time:     Jan 19 2025 17:15:50[0m
[0;32mI (428) app_init: ELF file SHA256:  bd438cc8f...[0m
[0;32mI (433) app_init: ESP-IDF:          v5.4[0m
[0;32mI (438) efuse_init: Min chip rev:     v0.0[0m
[0;32mI (442) efuse_init: Max chip rev:     v3.99 [0m
[0;32mI (447) efuse_init: Chip rev:         v1.0[0m
[0;32mI (452) heap_init: Initializing. RAM available for dynamic allocation:[0m
[0;32mI (459) heap_init: At 3FFAE6E0 len 00001920 (6 KiB): DRAM[0m
[0;32mI (465) heap_init: At 3FFB8338 len 00027CC8 (159 KiB): DRAM[0m
[0;32mI (472) heap_init: At 3FFE0440 len 00003AE0 (14 KiB): D/IRAM[0m
[0;32mI (478) heap_init: At 3FFE4350 len 0001BCB0 (111 KiB): D/IRAM[0m
[0;32mI (484) heap_init: At 40099528 len 00006AD8 (26 KiB): IRAM[0m
[0;32mI (492) spi_flash: detected chip: generic[0m
[0;32mI (495) spi_flash: flash io: dio[0m
[0;33mW (499) spi_flash: Detected size(4096k) larger than the size in the binary image header(2048k). Using the size in the binary image header.[0m
[0;32mI (513) main_task: Started on CPU0[0m
[0;32mI (523) main_task: Calling app_main()[0m
[0;32mI (523) CAN_HANDLER: [+] TWAI Driver installed and started[0m
ESP_ERROR_CHECK failed: esp_err_t 0x3001 (ESP_ERR_WIFI_NOT_INIT) at 0x400d86f4
file: "./main/WIFI.c" line 35
func: WIFI_Setup
expression: esp_wifi_set_mode(WIFI_MODE_AP)

abort() was called at PC 0x4008a5bb on core 0


Backtrace: 0x40081c3d:0x3ffba310 0x4008a5c5:0x3ffba330 0x40093141:0x3ffba350 0x4008a5bb:0x3ffba3c0 0x400d86f4:0x3ffba3f0 0x400d7e59:0x3ffba5f0 0x400d7f03:0x3ffba610 0x4015746b:0x3ffba630 0x4008b0a5:0x3ffba660




ELF file SHA256: bd438cc8f

Rebooting...
ets Jun  8 2016 00:22:57

rst:0xc (SW_CPU_RESET),boot:0x13 (SPI_FAST_FLASH_BOOT)
configsip: 0, SPIWP:0xee
clk_drv:0x00,q_drv:0x00,d_drv:0x00,cs0_drv:0x00,hd_drv:0x00,wp_drv:0x00
mode:DIO, clock div:2
load:0x3fff0030,len:6276
load:0x40078000,len:15716
load:0x40080400,len:4
ho 8 tail 4 room 4
load:0x40080404,len:3860
entry 0x4008063c
[0;32mI (30) boot: ESP-IDF v5.4 2nd stage bootloader[0m
[0;32mI (31) boot: compile time Jan 19 2025 17:15:55[0m
[0;32mI (31) boot: Multicore bootloader[0m
[0;32mI (32) boot: chip revision: v1.0[0m
[0;32mI (35) boot.esp32: SPI Speed      : 40MHz[0m
[0;32mI (39) boot.esp32: SPI Mode       : DIO[0m
[0;32mI (42) boot.esp32: SPI Flash Size : 2MB[0m
[0;32mI (46) boot: Enabling RNG early entropy source...[0m
[0;32mI (50) boot: Partition Table:[0m
[0;32mI (53) boot: ## Label            Usage          Type ST Offset   Length[0m
[0;32mI (59) boot:  0 nvs              WiFi data        01 02 00009000 00006000[0m
[0;32mI (66) boot:  1 phy_init         RF data          01 01 0000f000 00001000[0m
[0;32mI (72) boot:  2 factory          factory app      00 00 00010000 00100000[0m
[0;32mI (79) boot: End of partition table[0m
[0;32mI (82) esp_image: segment 0: paddr=00010020 vaddr=3f400020 size=1c91ch (117020) map[0m
[0;32mI (130) esp_image: segment 1: paddr=0002c944 vaddr=3ff80000 size=0001ch (    28) load[0m
[0;32mI (130) esp_image: segment 2: paddr=0002c968 vaddr=3ffb0000 size=036b0h ( 14000) load[0m
[0;32mI (139) esp_image: segment 3: paddr=00030020 vaddr=400d0020 size=89438h (562232) map[0m
[0;32mI (333) esp_image: segment 4: paddr=000b9460 vaddr=3ffb36b0 size=00a10h (  2576) load[0m
[0;32mI (334) esp_image: segment 5: paddr=000b9e78 vaddr=40080000 size=19528h (103720) load[0m
[0;32mI (389) boot: Loaded app from partition at offset 0x10000[0m
[0;32mI (389) boot: Disabling RNG early entropy source...[0m
[0;32mI (400) cpu_start: Multicore app[0m
[0;32mI (408) cpu_start: Pro cpu start user code[0m
[0;32mI (408) cpu_start: cpu freq: 160000000 Hz[0m
[0;32mI (408) app_init: Application information:[0m
[0;32mI (411) app_init: Project name:     Batman_esp[0m
[0;32mI (416) app_init: App version:      ef0026a5-dirty[0m
[0;32mI (422) app_init: Compile time:     Jan 19 2025 17:15:50[0m
[0;32mI (428) app_init: ELF file SHA256:  bd438cc8f...[0m
[0;32mI (433) app_init: ESP-IDF:          v5.4[0m
[0;32mI (438) efuse_init: Min chip rev:     v0.0[0m
[0;32mI (442) efuse_init: Max chip rev:     v3.99 [0m
[0;32mI (447) efuse_init: Chip rev:         v1.0[0m
[0;32mI (452) heap_init: Initializing. RAM available for dynamic allocation:[0m
[0;32mI (459) heap_init: At 3FFAE6E0 len 00001920 (6 KiB): DRAM[0m
[0;32mI (465) heap_init: At 3FFB8338 len 00027CC8 (159 KiB): DRAM[0m
[0;32mI (472) heap_init: At 3FFE0440 len 00003AE0 (14 KiB): D/IRAM[0m
[0;32mI (478) heap_init: At 3FFE4350 len 0001BCB0 (111 KiB): D/IRAM[0m
[0;32mI (484) heap_init: At 40099528 len 00006AD8 (26 KiB): IRAM[0m
[0;32mI (492) spi_flash: detected chip: generic[0m
[0;32mI (495) spi_flash: flash io: dio[0m
[0;33mW (499) spi_flash: Detected size(4096k) larger than the size in the binary image header(2048k). Using the size in the binary image header.[0m
[0;32mI (513) main_task: Started on CPU0[0m
[0;32mI (523) main_task: Calling app_main()[0m
[0;32mI (523) CAN_HANDLER: [+] TWAI Driver installed and started[0m
ESP_ERROR_CHECK failed: esp_err_t 0x3001 (ESP_ERR_WIFI_NOT_INIT) at 0x400d86f4
file: "./main/WIFI.c" line 35
func: WIFI_Setup
expression: esp_wifi_set_mode(WIFI_MODE_AP)

abort() was called at PC 0x4008a5bb on core 0


Backtrace: 0x40081c3d:0x3ffba310 0x4008a5c5:0x3ffba330 0x40093141:0x3ffba350 0x4008a5bb:0x3ffba3c0 0x400d86f4:0x3ffba3f0 0x400d7e59:0x3ffba5f0 0x400d7f03:0x3ffba610 0x4015746b:0x3ffba630 0x4008b0a5:0x3ffba660




ELF file SHA256: bd438cc8f

Rebooting...
ets Jun  8 2016 00:22:57

rst:0xc (SW_CPU_RESET),boot:0x13 (SPI_FAST_FLASH_BOOT)
configsip: 0, SPIWP:0xee
clk_drv:0x00,q_drv:0x00,d_drv:0x00,cs0_drv:0x00,hd_drv:0x00,wp_drv:0x00
mode:DIO, clock div:2
load:0x3fff0030,len:6276
load:0x40078000,len:15716
load:0x40080400,len:4
ho 8 tail 4 room 4
load:0x40080404,len:3860
entry 0x4008063c
[0;32mI (30) boot: ESP-IDF v5.4 2nd stage bootloader[0m
[0;32mI (31) boot: compile time Jan 19 2025 17:15:55[0m
[0;32mI (31) boot: Multicore bootloader[0m
[0;32mI (32) boot: chip revision: v1.0[0m
[0;32mI (35) boot.esp32: SPI Speed      : 40MHz[0m
[0;32mI (39) boot.esp32: SPI Mode       : DIO[0m
[0;32mI (42) boot.esp32: SPI Flash Size : 2MB[0m
[0;32mI (46) boot: Enabling RNG early entropy source...[0m
[0;32mI (50) boot: Partition Table:[0m
[0;32mI (53) boot: ## Label            Usage          Type ST Offset   Length[0m
[0;32mI (59) boot:  0 nvs              WiFi data        01 02 00009000 00006000[0m
[0;32mI (66) boot:  1 phy_init         RF data          01 01 0000f000 00001000[0m
[0;32mI (72) boot:  2 factory          factory app      00 00 00010000 00100000[0m
[0;32mI (79) boot: End of partition table[0m
[0;32mI (82) esp_image: segment 0: paddr=00010020 vaddr=3f400020 size=1c91ch (117020) map[0m
[0;32mI (130) esp_image: segment 1: paddr=0002c944 vaddr=3ff80000 size=0001ch (    28) load[0m
[0;32mI (130) esp_image: segment 2: paddr=0002c968 vaddr=3ffb0000 size=036b0h ( 14000) load[0m
[0;32mI (139) esp_image: segment 3: paddr=00030020 vaddr=400d0020 size=89438h (562232) map[0m
[0;32mI (333) esp_image: segment 4: paddr=000b9460 vaddr=3ffb36b0 size=00a10h (  2576) load[0m
[0;32mI (334) esp_image: segment 5: paddr=000b9e78 vaddr=40080000 size=19528h (103720) load[0m
[0;32mI (389) boot: Loaded app from partition at offset 0x10000[0m
[0;32mI (389) boot: Disabling RNG early entropy source...[0m
[0;32mI (400) cpu_start: Multicore app[0m
[0;32mI (408) cpu_start: Pro cpu start user code[0m
[0;32mI (408) cpu_start: cpu freq: 160000000 Hz[0m
[0;32mI (408) app_init: Application information:[0m
[0;32mI (411) app_init: Project name:     Batman_esp[0m
[0;32mI (416) app_init: App version:      ef0026a5-dirty[0m
[0;32mI (422) app_init: Compile time:     Jan 19 2025 17:15:50[0m
[0;32mI (428) app_init: ELF file SHA256:  bd438cc8f...[0m
[0;32mI (433) app_init: ESP-IDF:          v5.4[0m
[0;32mI (438) efuse_init: Min chip rev:     v0.0[0m
[0;32mI (442) efuse_init: Max chip rev:     v3.99 [0m
[0;32mI (447) efuse_init: Chip rev:         v1.0[0m
[0;32mI (452) heap_init: Initializing. RAM available for dynamic allocation:[0m
[0;32mI (459) heap_init: At 3FFAE6E0 len 00001920 (6 KiB): DRAM[0m
[0;32mI (465) heap_init: At 3FFB8338 len 00027CC8 (159 KiB): DRAM[0m
[0;32mI (472) heap_init: At 3FFE0440 len 00003AE0 (14 KiB): D/IRAM[0m
[0;32mI (478) heap_init: At 3FFE4350 len 0001BCB0 (111 KiB): D/IRAM[0m
[0;32mI (484) heap_init: At 40099528 len 00006AD8 (26 KiB): IRAM[0m
[0;32mI (492) spi_flash: detected chip: generic[0m
[0;32mI (495) spi_flash: flash io: dio[0m
[0;33mW (499) spi_flash: Detected size(4096k) larger than the size in the binary image header(2048k). Using the size in the binary image header.[0m
[0;32mI (513) main_task: Started on CPU0[0m
[0;32mI (523) main_task: Calling app_main()[0m
[0;32mI (523) CAN_HANDLER: [+] TWAI Driver installed and started[0m
ESP_ERROR_CHECK failed: esp_err_t 0x3001 (ESP_ERR_WIFI_NOT_INIT) at 0x400d86f4
file: "./main/WIFI.c" line 35
func: WIFI_Setup
expression: esp_wifi_set_mode(WIFI_MODE_AP)

abort() was called at PC 0x4008a5bb on core 0


Backtrace: 0x40081c3d:0x3ffba310 0x4008a5c5:0x3ffba330 0x40093141:0x3ffba350 0x4008a5bb:0x3ffba3c0 0x400d86f4:0x3ffba3f0 0x400d7e59:0x3ffba5f0 0x400d7f03:0x3ffba610 0x4015746b:0x3ffba630 0x4008b0a5:0x3ffba660




ELF file SHA256: bd438cc8f

Rebooting...
ets Jun  8 2016 00:22:57

rst:0xc (SW_CPU_RESET),boot:0x13 (SPI_FAST_FLASH_BOOT)
configsip: 0, SPIWP:0xee
clk_drv:0x00,q_drv:0x00,d_drv:0x00,cs0_drv:0x00,hd_drv:0x00,wp_drv:0x00
mode:DIO, clock div:2
load:0x3fff0030,len:6276
load:0x40078000,len:15716
load:0x40080400,len:4
ho 8 tail 4 room 4
load:0x40080404,len:3860
entry 0x4008063c
[0;32mI (30) boot: ESP-IDF v5.4 2nd stage bootloader[0m
[0;32mI (31) boot: compile time Jan 19 2025 17:15:55[0m
[0;32mI (31) boot: Multicore bootloader[0m
[0;32mI (32) boot: chip revision: v1.0[0m
[0;32mI (35) boot.esp32: SPI Speed      : 40MHz[0m
[0;32mI (39) boot.esp32: SPI Mode       : DIO[0m
[0;32mI (42) boot.esp32: SPI Flash Size : 2MB[0m
[0;32mI (46) boot: Enabling RNG early entropy source...[0m
[0;32mI (50) boot: Partition Table:[0m
[0;32mI (53) boot: ## Label            Usage          Type ST Offset   Length[0m
[0;32mI (59) boot:  0 nvs              WiFi data        01 02 00009000 00006000[0m
[0;32mI (66) boot:  1 phy_init         RF data          01 01 0000f000 00001000[0m
[0;32mI (72) boot:  2 factory          factory app      00 00 00010000 00100000[0m
[0;32mI (79) boot: End of partition table[0m
[0;32mI (82) esp_image: segment 0: paddr=00010020 vaddr=3f400020 size=1c91ch (117020) map[0m
[0;32mI (130) esp_image: segment 1: paddr=0002c944 vaddr=3ff80000 size=0001ch (    28) load[0m
[0;32mI (130) esp_image: segment 2: paddr=0002c968 vaddr=3ffb0000 size=036b0h ( 14000) load[0m
[0;32mI (139) esp_image: segment 3: paddr=00030020 vaddr=400d0020 size=89438h (562232) map[0m
[0;32mI (333) esp_image: segment 4: paddr=000b9460 vaddr=3ffb36b0 size=00a10h (  2576) load[0m
[0;32mI (334) esp_image: segment 5: paddr=000b9e78 vaddr=40080000 size=19528h (103720) load[0m
[0;32mI (389) boot: Loaded app from partition at offset 0x10000[0m
[0;32mI (389) boot: Disabling RNG early entropy source...[0m
[0;32mI (400) cpu_start: Multicore app[0m
[0;32mI (408) cpu_start: Pro cpu start user code[0m
[0;32mI (408) cpu_start: cpu freq: 160000000 Hz[0m
[0;32mI (408) app_init: Application information:[0m
[0;32mI (411) app_init: Project name:     Batman_esp[0m
[0;32mI (416) app_init: App version:      ef0026a5-dirty[0m
[0;32mI (422) app_init: Compile time:     Jan 19 2025 17:15:50[0m
[0;32mI (428) app_init: ELF file SHA256:  bd438cc8f...[0m
[0;32mI (433) app_init: ESP-IDF:          v5.4[0m
[0;32mI (438) efuse_init: Min chip rev:     v0.0[0m
[0;32mI (442) efuse_init: Max chip rev:     v3.99 [0m
[0;32mI (447) efuse_init: Chip rev:         v1.0[0m
[0;32mI (452) heap_init: Initializing. RAM available for dynamic allocation:[0m
[0;32mI (459) heap_init: At 3FFAE6E0 len 00001920 (6 KiB): DRAM[0m
[0;32mI (465) heap_init: At 3FFB8338 len 00027CC8 (159 KiB): DRAM[0m
[0;32mI (472) heap_init: At 3FFE0440 len 00003AE0 (14 KiB): D/IRAM[0m
[0;32mI (478) heap_init: At 3FFE4350 len 0001BCB0 (111 KiB): D/IRAM[0m
[0;32mI (484) heap_init: At 40099528 len 00006AD8 (26 KiB): IRAM[0m
[0;32mI (492) spi_flash: detected chip: generic[0m
[0;32mI (495) spi_flash: flash io: dio[0m
[0;33mW (499) spi_flash: Detected size(4096k) larger than the size in the binary image header(2048k). Using the size in the binary image header.[0m
[0;32mI (513) main_task: Started on CPU0[0m
[0;32mI (523) main_task: Calling app_main()[0m
[0;32mI (523) CAN_HANDLER: [+] TWAI Driver installed and started[0m
ESP_ERROR_CHECK failed: esp_err_t 0x3001 (ESP_ERR_WIFI_NOT_INIT) at 0x400d86f4
file: "./main/WIFI.c" line 35
func: WIFI_Setup
expression: esp_wifi_set_mode(WIFI_MODE_AP)

abort() was called at PC 0x4008a5bb on core 0


Backtrace: 0x40081c3d:0x3ffba310 0x4008a5c5:0x3ffba330 0x40093141:0x3ffba350 0x4008a5bb:0x3ffba3c0 0x400d86f4:0x3ffba3f0 0x400d7e59:0x3ffba5f0 0x400d7f03:0x3ffba610 0x4015746b:0x3ffba630 0x4008b0a5:0x3ffba660




ELF file SHA256: bd438cc8f

Rebooting...
ets Jun  8 2016 00:22:57

rst:0xc (SW_CPU_RESET),boot:0x13 (SPI_FAST_FLASH_BOOT)
configsip: 0, SPIWP:0xee
clk_drv:0x00,q_drv:0x00,d_drv:0x00,cs0_drv:0x00,hd_drv:0x00,wp_drv:0x00
mode:DIO, clock div:2
load:0x3fff0030,len:6276
load:0x40078000,len:15716
load:0x40080400,len:4
ho 8 tail 4 room 4
load:0x40080404,len:3860
entry 0x4008063c
[0;32mI (30) boot: ESP-IDF v5.4 2nd stage bootloader[0m
[0;32mI (31) boot: compile time Jan 19 2025 17:15:55[0m
[0;32mI (31) boot: Multicore bootloader[0m
[0;32mI (32) boot: chip revision: v1.0[0m
[0;32mI (35) boot.esp32: SPI Speed      : 40MHz[0m
[0;32mI (39) boot.esp32: SPI Mode       : DIO[0m
[0;32mI (42) boot.esp32: SPI Flash Size : 2MB[0m
[0;32mI (46) boot: Enabling RNG early entropy source...[0m
[0;32mI (50) boot: Partition Table:[0m
[0;32mI (53) boot: ## Label            Usage          Type ST Offset   Length[0m
