.0
[0;32mI (33) boot.esp32: SPI Speed Hï¿½"%=5[0m
[0;32mI (41) boot.esp32: SPI Flash Size : 2MB[0m
[0;32mI (44) boot: Enabling RNG early entropy source...[0m
[0;32mI (49) boot: Partition Table:[0m
[0;32mI (51) boot: ## Label            Usage          Type ST Offset   Length[0m
ï¿½ets Jun  8 2016 00:22:57

rst:0x1 (POWERON_RESET),boot:0x13 (SPI_FAST_FLASH_BOOT)
configsip: 0, SPIWP:0xee
clk_drv:0x00,q_drv:0x00,d_drv:0x00,cs0_drv:0x00,hd_drv:0x00,wp_drv:0x00
mode:DIO, clock div:2
load:0x3fff0030,len:6276
load:0x40078000,len:15716
load:0x40080400,len:4
ho 8 tail 4 room 4
load:0x40080404,len:3860
entry 0x4008063c
[0;32mI (29) boot: ESP-IDF v5.4 2nd stage bootloader[0m
[0;32mI (29) boot: compile time Jan 19 2025 17:15:55[0m
[0;32mI (30) boot: Multicore bootloader[0m
[0;32mI (31) boot: chip revision: v1.0[0m
[0;32mI (33) boot.esp32: SPI Speed      : 40MHz[0m
[0;32mI (37) boot.esp32: SPI Mode       : DIO[0m
[0;32mI (41) boot.esp32: SPI Flash Size : 2MB[0m
[0;32mI (44) boot: Enabling RNG early entropy source...[0m
[0;32mI (49) boot: Partition Table:[0m
[0;32mI (51) boot: ## Label            Usage          Type ST Offset   Length[0m
[0;32mI (58) boot:  0 nvs              WiFi data        01 02 00009000 00006000[0m
[0;32mI (64) boot:  1 phy_init         RF data          01 01 0000f000 00001000[0m
[0;32mI (71) boot:  2 factory          factory app      00 00 00010000 00100000[0m
[0;32mI (77) boot: End of partition table[0m
[0;32mI (80) esp_image: segment 0: paddr=00010020 vaddr=3f400020 size=1c400h (115712) map[0m
[0;32mI (127) esp_image: segment 1: paddr=0002c428 vaddr=3ff80000 size=0001ch (    28) load[0m
[0;32mI (128) esp_image: segment 2: paddr=0002c44c vaddr=3ffb0000 size=03bcch ( 15308) load[0m
[0;32mI (137) esp_image: segment 3: paddr=00030020 vaddr=400d0020 size=87b64h (555876) map[0m
[0;32mI (329) esp_image: segment 4: paddr=000b7b8c vaddr=3ffb3bcc size=004f4h (  1268) load[0m
[0;32mI (330) esp_image: segment 5: paddr=000b8088 vaddr=40080000 size=19544h (103748) load[0m
[0;32mI (385) boot: Loaded app from partition at offset 0x10000[0m
[0;32mI (385) boot: Disabling RNG early entropy source...[0m
[0;32mI (396) cpu_start: Multicore app[0m
[0;32mI (404) cpu_start: Pro cpu start user code[0m
[0;32mI (404) cpu_start: cpu freq: 160000000 Hz[0m
[0;32mI (404) app_init: Application information:[0m
[0;32mI (407) app_init: Project name:     Batman_esp[0m
[0;32mI (412) app_init: App version:      ef0026a5-dirty[0m
[0;32mI (418) app_init: Compile time:     Jan 19 2025 20:41:10[0m
[0;32mI (424) app_init: ELF file SHA256:  705c3516b...[0m
[0;32mI (429) app_init: ESP-IDF:          v5.4[0m
[0;32mI (433) efuse_init: Min chip rev:     v0.0[0m
[0;32mI (438) efuse_init: Max chip rev:     v3.99 [0m
[0;32mI (443) efuse_init: Chip rev:         v1.0[0m
[0;32mI (448) heap_init: Initializing. RAM available for dynamic allocation:[0m
[0;32mI (455) heap_init: At 3FFAE6E0 len 00001920 (6 KiB): DRAM[0m
[0;32mI (461) heap_init: At 3FFB81E0 len 00027E20 (159 KiB): DRAM[0m
[0;32mI (467) heap_init: At 3FFE0440 len 00003AE0 (14 KiB): D/IRAM[0m
[0;32mI (474) heap_init: At 3FFE4350 len 0001BCB0 (111 KiB): D/IRAM[0m
[0;32mI (480) heap_init: At 40099544 len 00006ABC (26 KiB): IRAM[0m
[0;32mI (488) spi_flash: detected chip: generic[0m
[0;32mI (491) spi_flash: flash io: dio[0m
[0;33mW (495) spi_flash: Detected size(4096k) larger than the size in the binary image header(2048k). Using the size in the binary image header.[0m
[0;32mI (509) main_task: Started on CPU0[0m
[0;32mI (519) main_task: Calling app_main()[0m
[0;32mI (519) CAN_HANDLER: [+] TWAI Driver installed and started[0m
[0;32mI (549) wifi:wifi driver task: 3ffbec08, prio:23, stack:6656, core=0[0m
[0;32mI (559) wifi:wifi firmware version: 48ea317a7[0m
[0;32mI (559) wifi:wifi certification version: v7.0[0m
[0;32mI (559) wifi:config NVS flash: enabled[0m
[0;32mI (559) wifi:config nano formatting: disabled[0m
[0;32mI (559) wifi:Init data frame dynamic rx buffer num: 32[0m
[0;32mI (569) wifi:Init static rx mgmt buffer num: 5[0m
[0;32mI (569) wifi:Init management short buffer num: 32[0m
[0;32mI (569) wifi:Init dynamic tx buffer num: 32[0m
[0;32mI (579) wifi:Init static rx buffer size: 1600[0m
[0;32mI (579) wifi:Init static rx buffer num: 10[0m
[0;32mI (589) wifi:Init dynamic rx buffer num: 32[0m
[0;32mI (589) wifi_init: rx ba win: 6[0m
[0;32mI (589) wifi_init: accept mbox: 6[0m
[0;32mI (599) wifi_init: tcpip mbox: 32[0m
[0;32mI (599) wifi_init: udp mbox: 6[0m
[0;32mI (609) wifi_init: tcp mbox: 32[0m
[0;32mI (609) wifi_init: tcp tx win: 8192[0m
[0;32mI (609) wifi_init: tcp rx win: 8192[0m
[0;32mI (619) wifi_init: tcp mss: 1440[0m
[0;32mI (619) wifi_init: WiFi IRAM OP enabled[0m
[0;32mI (629) wifi_init: WiFi RX IRAM OP enabled[0m
[0;32mI (639) phy_init: phy_version 4840,02e0d70,Sep  2 2024,19:39:07[0m
[1;31mE (709) wifi:failed to post WiFi event=43 ret=259[0m
[0;32mI (709) wifi:mode : softAP (34:86:5d:39:b0:41)[0m
[0;32mI (719) wifi:Total power save buffer number: 16[0m
[0;32mI (719) wifi:Init max length of beacon: 752/752[0m
[0;32mI (719) wifi:Init max length of beacon: 752/752[0m
[1;31mE (719) wifi:failed to post WiFi event=12 ret=259[0m
[0;32mI (729) WIFI: AP started. SSID: BATMAN, password: IamBATmanExxe25[0m
[0;32mI (1729) HEAP: Free heap: 232220 bytes[0m

assert failed: tcpip_send_msg_wait_sem /IDF/components/lwip/lwip/src/api/tcpip.c:454 (Invalid mbox)


Backtrace: 0x40081c3d:0x3ffba010 0x4008a5c5:0x3ffba030 0x40093279:0x3ffba050 0x4011c083:0x3ffba170 0x40127bfe:0x3ffba1a0 0x40127c92:0x3ffba1c0 0x4011bed1:0x3ffba210 0x400e2b7b:0x3ffba230 0x400e31cc:0x3ffba290 0x400d8714:0x3ffba2c0 0x400d7de5:0x3ffba4a0 0x400d7e8f:0x3ffba4c0 0x40155b97:0x3ffba4e0 0x4008b0a5:0x3ffba510




ELF file SHA256: 705c3516b

Rebooting...
ets Jun  8 2016 00:22:57

rst:0xc (SW_CPU_RESET),boot:0x13 (SPI_FAST_FLASH_BOOT)
configsip: 0, SPIWP:0xee
clk_drv:0x00,q_drv:0x00,d_drv:0x00,cs0_drv:0x00,hd_drv:0x00,wp_drv:0x00
mode:DIO, clock div:2
load:0x3fff0030,len:6276
load:0x40078000,len:15716
load:0x40080400,len:4
ho 8 tail 4 room 4
load:0x40080404,len:3860
entry 0x4008063c
[0;32mI (30) boot: ESP-IDF v5.4 2nd stage bootloader[0m
[0;32mI (31) boot: compile time Jan 19 2025 17:15:55[0m
[0;32mI (31) boot: Multicore bootloader[0m
[0;32mI (32) boot: chip revision: v1.0[0m
[0;32mI (35) boot.esp32: SPI Speed      : 40MHz[0m
[0;32mI (39) boot.esp32: SPI Mode       : DIO[0m
[0;32mI (42) boot.esp32: SPI Flash Size : 2MB[0m
[0;32mI (46) boot: Enabling RNG early entropy source...[0m
[0;32mI (50) boot: Partition Table:[0m
[0;32mI (53) boot: ## Label            Usage          Type ST Offset   Length[0m
[0;32mI (59) boot:  0 nvs              WiFi data        01 02 00009000 00006000[0m
[0;32mI (66) boot:  1 phy_init         RF data          01 01 0000f000 00001000[0m
[0;32mI (72) boot:  2 factory          factory app      00 00 00010000 00100000[0m
[0;32mI (79) boot: End of partition table[0m
[0;32mI (82) esp_image: segment 0: paddr=00010020 vaddr=3f400020 size=1c400h (115712) map[0m
[0;32mI (129) esp_image: segment 1: paddr=0002c428 vaddr=3ff80000 size=0001ch (    28) load[0m
[0;32mI (129) esp_image: segment 2: paddr=0002c44c vaddr=3ffb0000 size=03bcch ( 15308) load[0m
[0;32mI (139) esp_image: segment 3: paddr=00030020 vaddr=400d0020 size=87b64h (555876) map[0m
[0;32mI (330) esp_image: segment 4: paddr=000b7b8c vaddr=3ffb3bcc size=004f4h (  1268) load[0m
[0;32mI (331) esp_image: segment 5: paddr=000b8088 vaddr=40080000 size=19544h (103748) load[0m
[0;32mI (387) boot: Loaded app from partition at offset 0x10000[0m
[0;32mI (387) boot: Disabling RNG early entropy source...[0m
[0;32mI (397) cpu_start: Multicore app[0m
[0;32mI (405) cpu_start: Pro cpu start user code[0m
[0;32mI (406) cpu_start: cpu freq: 160000000 Hz[0m
[0;32mI (406) app_init: Application information:[0m
[0;32mI (408) app_init: Project name:     Batman_esp[0m
[0;32mI (414) app_init: App version:      ef0026a5-dirty[0m
[0;32mI (419) app_init: Compile time:     Jan 19 2025 20:41:10[0m
[0;32mI (425) app_init: ELF file SHA256:  705c3516b...[0m
[0;32mI (430) app_init: ESP-IDF:          v5.4[0m
[0;32mI (435) efuse_init: Min chip rev:     v0.0[0m
[0;32mI (440) efuse_init: Max chip rev:     v3.99 [0m
[0;32mI (445) efuse_init: Chip rev:         v1.0[0m
[0;32mI (450) heap_init: Initializing. RAM available for dynamic allocation:[0m
[0;32mI (457) heap_init: At 3FFAE6E0 len 00001920 (6 KiB): DRAM[0m
[0;32mI (463) heap_init: At 3FFB81E0 len 00027E20 (159 KiB): DRAM[0m
[0;32mI (469) heap_init: At 3FFE0440 len 00003AE0 (14 KiB): D/IRAM[0m
[0;32mI (475) heap_init: At 3FFE4350 len 0001BCB0 (111 KiB): D/IRAM[0m
[0;32mI (482) heap_init: At 40099544 len 00006ABC (26 KiB): IRAM[0m
[0;32mI (490) spi_flash: detected chip: generic[0m
[0;32mI (493) spi_flash: flash io: dio[0m
[0;33mW (497) spi_flash: Detected size(4096k) larger than the size in the binary image header(2048k). Using the size in the binary image header.[0m
[0;32mI (511) main_task: Started on CPU0[0m
[0;32mI (521) main_task: Calling app_main()[0m
[0;32mI (521) CAN_HANDLER: [+] TWAI Driver installed and started[0m
[0;32mI (551) wifi:wifi driver task: 3ffbec08, prio:23, stack:6656, core=0[0m
[0;32mI (561) wifi:wifi firmware version: 48ea317a7[0m
[0;32mI (561) wifi:wifi certification version: v7.0[0m
[0;32mI (561) wifi:config NVS flash: enabled[0m
[0;32mI (561) wifi:config nano formatting: disabled[0m
[0;32mI (561) wifi:Init data frame dynamic rx buffer num: 32[0m
[0;32mI (571) wifi:Init static rx mgmt buffer num: 5[0m
[0;32mI (571) wifi:Init management short buffer num: 32[0m
[0;32mI (571) wifi:Init dynamic tx buffer num: 32[0m
[0;32mI (581) wifi:Init static rx buffer size: 1600[0m
[0;32mI (581) wifi:Init static rx buffer num: 10[0m
[0;32mI (591) wifi:Init dynamic rx buffer num: 32[0m
[0;32mI (591) wifi_init: rx ba win: 6[0m
[0;32mI (591) wifi_init: accept mbox: 6[0m
[0;32mI (601) wifi_init: tcpip mbox: 32[0m
[0;32mI (601) wifi_init: udp mbox: 6[0m
[0;32mI (611) wifi_init: tcp mbox: 32[0m
[0;32mI (611) wifi_init: tcp tx win: 8192[0m
[0;32mI (611) wifi_init: tcp rx win: 8192[0m
[0;32mI (621) wifi_init: tcp mss: 1440[0m
[0;32mI (621) wifi_init: WiFi IRAM OP enabled[0m
[0;32mI (631) wifi_init: WiFi RX IRAM OP enabled[0m
[0;32mI (641) phy_init: phy_version 4840,02e0d70,Sep  2 2024,19:39:07[0m
[1;31mE (711) wifi:failed to post WiFi event=43 ret=259[0m
[0;32mI (711) wifi:mode : softAP (34:86:5d:39:b0:41)[0m
[0;32mI (721) wifi:Total power save buffer number: 16[0m
[0;32mI (721) wifi:Init max length of beacon: 752/752[0m
[0;32mI (721) wifi:Init max length of beacon: 752/752[0m
[1;31mE (721) wifi:failed to post WiFi event=12 ret=259[0m
[0;32mI (731) WIFI: AP started. SSID: BATMAN, password: IamBATmanExxe25[0m
[0;32mI (1731) HEAP: Free heap: 232220 bytes[0m

assert failed: tcpip_send_msg_wait_sem /IDF/components/lwip/lwip/src/api/tcpip.c:454 (Invalid mbox)


Backtrace: 0x40081c3d:0x3ffba010 0x4008a5c5:0x3ffba030 0x40093279:0x3ffba050 0x4011c083:0x3ffba170 0x40127bfe:0x3ffba1a0 0x40127c92:0x3ffba1c0 0x4011bed1:0x3ffba210 0x400e2b7b:0x3ffba230 0x400e31cc:0x3ffba290 0x400d8714:0x3ffba2c0 0x400d7de5:0x3ffba4a0 0x400d7e8f:0x3ffba4c0 0x40155b97:0x3ffba4e0 0x4008b0a5:0x3ffba510




ELF file SHA256: 705c3516b

Rebooting...
ets Jun  8 2016 00:22:57

rst:0xc (SW_CPU_RESET),boot:0x13 (SPI_FAST_FLASH_BOOT)
configsip: 0, SPIWP:0xee
clk_drv:0x00,q_drv:0x00,d_drv:0x00,cs0_drv:0x00,hd_drv:0x00,wp_drv:0x00
mode:DIO, clock div:2
load:0x3fff0030,len:6276
load:0x40078000,len:15716
load:0x40080400,len:4
ho 8 tail 4 room 4
load:0x40080404,len:3860
entry 0x4008063c
[0;32mI (30) boot: ESP-IDF v5.4 2nd stage bootloader[0m
[0;32mI (31) boot: compile time Jan 19 2025 17:15:55[0m
[0;32mI (31) boot: Multicore bootloader[0m
[0;32mI (32) boot: chip revision: v1.0[0m
[0;32mI (35) boot.esp32: SPI Speed      : 40MHz[0m
[0;32mI (39) boot.esp32: SPI Mode       : DIO[0m
[0;32mI (42) boot.esp32: SPI Flash Size : 2MB[0m
[0;32mI (46) boot: Enabling RNG early entropy source...[0m
[0;32mI (50) boot: Partition Table:[0m
[0;32mI (53) boot: ## Label            Usage          Type ST Offset   Length[0m
[0;32mI (59) boot:  0 nvs              WiFi data        01 02 00009000 00006000[0m
[0;32mI (66) boot:  1 phy_init         RF data          01 01 0000f000 00001000[0m
[0;32mI (72) boot:  2 factory          factory app      00 00 00010000 00100000[0m
[0;32mI (79) boot: End of partition table[0m
[0;32mI (82) esp_image: segment 0: paddr=00010020 vaddr=3f400020 size=1c400h (115712) map[0m
[0;32mI (129) esp_image: segment 1: paddr=0002c428 vaddr=3ff80000 size=0001ch (    28) load[0m
[0;32mI (129) esp_image: segment 2: paddr=0002c44c vaddr=3ffb0000 size=03bcch ( 15308) load[0m
[0;32mI (139) esp_image: segment 3: paddr=00030020 vaddr=400d0020 size=87b64h (555876) map[0m
[0;32mI (330) esp_image: segment 4: paddr=000b7b8c vaddr=3ffb3bcc size=004f4h (  1268) load[0m
[0;32mI (331) esp_image: segment 5: paddr=000b8088 vaddr=40080000 size=19544h (103748) load[0m
[0;32mI (387) boot: Loaded app from partition at offset 0x10000[0m
[0;32mI (387) boot: Disabling RNG early entropy source...[0m
[0;32mI (397) cpu_start: Multicore app[0m
[0;32mI (405) cpu_start: Pro cpu start user code[0m
[0;32mI (406) cpu_start: cpu freq: 160000000 Hz[0m
[0;32mI (406) app_init: Application information:[0m
[0;32mI (408) app_init: Project name:     Batman_esp[0m
[0;32mI (414) app_init: App version:      ef0026a5-dirty[0m
[0;32mI (419) app_init: Compile time:     Jan 19 2025 20:41:10[0m
[0;32mI (425) app_init: ELF file SHA256:  705c3516b...[0m
[0;32mI (430) app_init: ESP-IDF:          v5.4[0m
[0;32mI (435) efuse_init: Min chip rev:     v0.0[0m
[0;32mI (440) efuse_init: Max chip rev:     v3.99 [0m
[0;32mI (445) efuse_init: Chip rev:         v1.0[0m
[0;32mI (450) heap_init: Initializing. RAM available for dynamic allocation:[0m
[0;32mI (457) heap_init: At 3FFAE6E0 len 00001920 (6 KiB): DRAM[0m
[0;32mI (463) heap_init: At 3FFB81E0 len 00027E20 (159 KiB): DRAM[0m
[0;32mI (469) heap_init: At 3FFE0440 len 00003AE0 (14 KiB): D/IRAM[0m
[0;32mI (475) heap_init: At 3FFE4350 len 0001BCB0 (111 KiB): D/IRAM[0m
[0;32mI (482) heap_init: At 40099544 len 00006ABC (26 KiB): IRAM[0m
[0;32mI (490) spi_flash: detected chip: generic[0m
[0;32mI (493) spi_flash: flash io: dio[0m
[0;33mW (497) spi_flash: Detected size(4096k) larger than the size in the binary image header(2048k). Using the size in the binary image header.[0m
[0;32mI (511) main_task: Started on CPU0[0m
[0;32mI (521) main_task: Calling app_main()[0m
[0;32mI (521) CAN_HANDLER: [+] TWAI Driver installed and started[0m
[0;32mI (551) wifi:wifi driver task: 3ffbec08, prio:23, stack:6656, core=0[0m
[0;32mI (561) wifi:wifi firmware version: 48ea317a7[0m
[0;32mI (561) wifi:wifi certification version: v7.0[0m
[0;32mI (561) wifi:config NVS flash: enabled[0m
[0;32mI (561) wifi:config nano formatting: disabled[0m
[0;32mI (561) wifi:Init data frame dynamic rx buffer num: 32[0m
[0;32mI (571) wifi:Init static rx mgmt buffer num: 5[0m
[0;32mI (571) wifi:Init management short buffer num: 32[0m
[0;32mI (571) wifi:Init dynamic tx buffer num: 32[0m
[0;32mI (581) wifi:Init static rx buffer size: 1600[0m
[0;32mI (581) wifi:Init static rx buffer num: 10[0m
[0;32mI (591) wifi:Init dynamic rx buffer num: 32[0m
[0;32mI (591) wifi_init: rx ba win: 6[0m
[0;32mI (591) wifi_init: accept mbox: 6[0m
[0;32mI (601) wifi_init: tcpip mbox: 32[0m
[0;32mI (601) wifi_init: udp mbox: 6[0m
[0;32mI (611) wifi_init: tcp mbox: 32[0m
[0;32mI (611) wifi_init: tcp tx win: 8192[0m
[0;32mI (611) wifi_init: tcp rx win: 8192[0m
[0;32mI (621) wifi_init: tcp mss: 1440[0m
[0;32mI (621) wifi_init: WiFi IRAM OP enabled[0m
[0;32mI (631) wifi_init: WiFi RX IRAM OP enabled[0m
[0;32mI (641) phy_init: phy_version 4840,02e0d70,Sep  2 2024,19:39:07[0m
[0;33mW (711) phy_init: saving new calibration data because of checksum failure, mode(0)[0m
[1;31mE (741) wifi:failed to post WiFi event=43 ret=259[0m
[0;32mI (741) wifi:mode : softAP (34:86:5d:39:b0:41)[0m
[0;32mI (741) wifi:Total power save buffer number: 16[0m
[0;32mI (741) wifi:Init max length of beacon: 752/752[0m
[0;32mI (741) wifi:Init max length of beacon: 752/752[0m
[1;31mE (751) wifi:failed to post WiFi event=12 ret=259[0m
[0;32mI (751) WIFI: AP started. SSID: BATMAN, password: IamBATmanExxe25[0m
