ot: Multicore bootloader[0m
[0;32mI (34) boot: chip revision: v1.0[ï¿½ï¿½: 2MB[0m
[0;32mI (52) boot: Enabling RNG early entropy source...[0m
[0;32mI (57) boot: Partition Table:[0m
[0;32mI (61) boot: ## Label            Usage          Type ST Offset   Length[0m
[0;32ï¿½ets Jun  8 2016 00:22:57

rst:0x1 (POWERON_RESET),boot:0x13 (SPI_FAST_FLASH_BOOT)
configsip: 0, SPIWP:0xee
clk_drv:0x00,q_drv:0x00,d_drv:0x00,cs0_drv:0x00,hd_drv:0x00,wp_drv:0x00
mode:DIO, clock div:2
load:0x3fff0030,len:7176
load:0x40078000,len:15564
ho 0 tail 12 room 4
load:0x40080400,len:4
load:0x40080404,len:3904
entry 0x40080640
[0;32mI (30) boot: ESP-IDF v5.3.2 2nd stage bootloader[0m
[0;32mI (30) boot: compile time Dec 27 2024 10:11:54[0m
[0;32mI (30) boot: Multicore bootloader[0m
[0;32mI (34) boot: chip revision: v1.0[0m
[0;32mI (38) boot.esp32: SPI Speed      : 40MHz[0m
[0;32mI (43) boot.esp32: SPI Mode       : DIO[0m
[0;32mI (47) boot.esp32: SPI Flash Size : 2MB[0m
[0;32mI (52) boot: Enabling RNG early entropy source...[0m
[0;32mI (57) boot: Partition Table:[0m
[0;32mI (61) boot: ## Label            Usage          Type ST Offset   Length[0m
[0;32mI (68) boot:  0 nvs              WiFi data        01 02 00009000 00006000[0m
[0;32mI (76) boot:  1 phy_init         RF data          01 01 0000f000 00001000[0m
[0;32mI (83) boot:  2 factory          factory app      00 00 00010000 00100000[0m
[0;32mI (90) boot: End of partition table[0m
[0;32mI (95) esp_image: segment 0: paddr=00010020 vaddr=3f400020 size=0be1ch ( 48668) map[0m
[0;32mI (120) esp_image: segment 1: paddr=0001be44 vaddr=3ffb0000 size=02488h (  9352) load[0m
[0;32mI (124) esp_image: segment 2: paddr=0001e2d4 vaddr=40080000 size=01d44h (  7492) load[0m
[0;32mI (129) esp_image: segment 3: paddr=00020020 vaddr=400d0020 size=18760h (100192) map[0m
[0;32mI (168) esp_image: segment 4: paddr=00038788 vaddr=40081d44 size=0ce08h ( 52744) load[0m
[0;32mI (197) boot: Loaded app from partition at offset 0x10000[0m
[0;32mI (197) boot: Disabling RNG early entropy source...[0m
[0;32mI (209) cpu_start: Multicore app[0m
[0;32mI (217) cpu_start: Pro cpu start user code[0m
[0;32mI (217) cpu_start: cpu freq: 160000000 Hz[0m
[0;32mI (218) app_init: Application information:[0m
[0;32mI (220) app_init: Project name:     Batman_esp[0m
[0;32mI (226) app_init: App version:      f448586-dirty[0m
[0;32mI (231) app_init: Compile time:     Dec 27 2024 10:11:49[0m
[0;32mI (237) app_init: ELF file SHA256:  c2dca1eda...[0m
[0;32mI (242) app_init: ESP-IDF:          v5.3.2[0m
[0;32mI (247) efuse_init: Min chip rev:     v0.0[0m
[0;32mI (252) efuse_init: Max chip rev:     v3.99 [0m
[0;32mI (257) efuse_init: Chip rev:         v1.0[0m
[0;32mI (262) heap_init: Initializing. RAM available for dynamic allocation:[0m
[0;32mI (269) heap_init: At 3FFAE6E0 len 00001920 (6 KiB): DRAM[0m
[0;32mI (275) heap_init: At 3FFB2ED0 len 0002D130 (180 KiB): DRAM[0m
[0;32mI (281) heap_init: At 3FFE0440 len 00003AE0 (14 KiB): D/IRAM[0m
[0;32mI (287) heap_init: At 3FFE4350 len 0001BCB0 (111 KiB): D/IRAM[0m
[0;32mI (294) heap_init: At 4008EB4C len 000114B4 (69 KiB): IRAM[0m
[0;32mI (302) spi_flash: detected chip: generic[0m
[0;32mI (305) spi_flash: flash io: dio[0m
[0;33mW (309) spi_flash: Detected size(4096k) larger than the size in the binary image header(2048k). Using the size in the binary image header.[0m
[0;32mI (322) main_task: Started on CPU0[0m
[0;32mI (332) main_task: Calling app_main()[0m
[0;32mI (332) gpio: GPIO[22]| InputEn: 1| OutputEn: 0| OpenDrain: 0| Pullup: 0| Pulldown: 0| Intr:0 [0m
[0;32mI (332) gpio: GPIO[21]| InputEn: 0| OutputEn: 1| OpenDrain: 0| Pullup: 0| Pulldown: 0| Intr:0 [0m
[+] TWAI Driver installed and started
[+] System Initialised
[0;32mI (352) main_task: Returned from app_main()[0m
[0;31mE (1352) ADBMS_Query: [-] Failed to give Semaphore to ADBMS query[0m
[*] Running diagnostic test...
[0;32mI (1352) ADBMS_Query: [+] Querying... 
[0m
Module: 1Value Module 0, cell 0: 0.000000 
Value Module 0, cell 1: 0.000000 
Value Module 0, cell 2: 0.000000 
Value Module 0, cell 3: 0.000000 
Value Module 0, cell 4: 0.000000 
Value Module 0, cell 5: 0.000000 
Value Module 0, cell 6: 0.000000 
Value Module 0, cell 7: 0.000000 
Value Module 0, cell 8: 0.000000 
Value Module 0, cell 9: 0.000000 
Module: 2Value Module 1, cell 0: 0.000000 
Value Module 1, cell 1: 0.000000 
Value Module 1, cell 2: 0.000000 
Value Module 1, cell 3: 0.000000 
Value Module 1, cell 4: 0.000000 
Value Module 1, cell 5: 0.000000 
Value Module 1, cell 6: 0.000000 
Value Module 1, cell 7: 0.000000 
Value Module 1, cell 8: 0.000000 
Value Module 1, cell 9: 0.000000 
Module: 3Value Module 2, cell 0: 0.000000 
Value Module 2, cell 1: 0.000000 
Value Module 2, cell 2: 0.000000 
Value Module 2, cell 3: 0.000000 
Value Module 2, cell 4: 0.000000 
Value Module 2, cell 5: 0.000000 
Value Module 2, cell 6: 0.000000 
Value Module 2, cell 7: 0.000000 
Value Module 2, cell 8: 0.000000 
Value Module 2, cell 9: 0.000000 
Module: 4Value Module 3, cell 0: 0.000000 
Value Module 3, cell 1: 0.000000 
Value Module 3, cell 2: 0.000000 
Value Module 3, cell 3: 0.000000 
Value Module 3, cell 4: 0.000000 
Value Module 3, cell 5: 0.000000 
Value Module 3, cell 6: 0.000000 
Value Module 3, cell 7: 0.000000 
Value Module 3, cell 8: 0.000000 
Value Module 3, cell 9: 0.000000 
Module: 5Value Module 4, cell 0: 0.000000 
Value Module 4, cell 1: 0.000000 
Value Module 4, cell 2: 0.000000 
Value Module 4, cell 3: 0.000000 
Value Module 4, cell 4: 0.000000 
Value Module 4, cell 5: 0.000000 
Value Module 4, cell 6: 0.000000 
Value Module 4, cell 7: 0.000000 
Value Module 4, cell 8: 0.000000 
Value Module 4, cell 9: 0.000000 
Module: 6Value Module 5, cell 0: 0.000000 
Value Module 5, cell 1: 0.000000 
Value Module 5, cell 2: 0.000000 
Value Module 5, cell 3: 0.000000 
Value Module 5, cell 4: 0.000000 
Value Module 5, cell 5: 0.000000 
Value Module 5, cell 6: 0.000000 
Value Module 5, cell 7: 0.000000 
Value Module 5, cell 8: 0.000000 
Value Module 5, cell 9: 0.000000 
Module: 7Value Module 6, cell 0: 0.000000 
Value Module 6, cell 1: 0.000000 
Value Module 6, cell 2: 0.000000 Guru Meditation Error: Core  0 panic'ed (LoadProhibited). Exception was unhandled.

Core  0 register dump:
PC      : 0x40088b67  PS      : 0x00060f33  A0      : 0x80086a66  A1      : 0x3ffb65b0  
A2      : 0x3ffb57a0  A3      : 0x3ffb6610  A4      : 0x00000000  A5      : 0x00000000  
A6      : 0x00000000  A7      : 0x3ffb70d0  A8      : 0x00000000  A9      : 0x3ffaed88  
A10     : 0x3ffaeb44  A11     : 0xffffffff  A12     : 0x00000004  A13     : 0x00060f23  
A14     : 0x3ffafa3c  A15     : 0x0000cdcd  SAR     : 0x00000018  EXCCAUSE: 0x0000001c  
EXCVADDR: 0x00000004  LBEG    : 0x4000c2e0  LEND    : 0x4000c2f6  LCOUNT  : 0xffffffff  


Backtrace: 0x40088b64:0x3ffb65b0 0x40086a63:0x3ffb65d0 0x400d65fb:0x3ffb6610 0x400d67bc:0x3ffb6640 0x400870bd:0x3ffb6690




ELF file SHA256: c2dca1eda

Rebooting...
ets Jun  8 2016 00:22:57

rst:0xc (SW_CPU_RESET),boot:0x13 (SPI_FAST_FLASH_BOOT)
configsip: 0, SPIWP:0xee
clk_drv:0x00,q_drv:0x00,d_drv:0x00,cs0_drv:0x00,hd_drv:0x00,wp_drv:0x00
mode:DIO, clock div:2
load:0x3fff0030,len:7176
load:0x40078000,len:15564
ho 0 tail 12 room 4
load:0x40080400,len:4
load:0x40080404,len:3904
entry 0x40080640
[0;32mI (31) boot: ESP-IDF v5.3.2 2nd stage bootloader[0m
[0;32mI (31) boot: compile time Dec 27 2024 10:11:54[0m
[0;32mI (31) boot: Multicore bootloader[0m
[0;32mI (35) boot: chip revision: v1.0[0m
[0;32mI (39) boot.esp32: SPI Speed      : 40MHz[0m
[0;32mI (44) boot.esp32: SPI Mode       : DIO[0m
[0;32mI (48) boot.esp32: SPI Flash Size : 2MB[0m
[0;32mI (53) boot: Enabling RNG early entropy source...[0m
[0;32mI (58) boot: Partition Table:[0m
[0;32mI (62) boot: ## Label            Usage          Type ST Offset   Length[0m
[0;32mI (69) boot:  0 nvs              WiFi data        01 02 00009000 00006000[0m
[0;32mI (76) boot:  1 phy_init         RF data          01 01 0000f000 00001000[0m
[0;32mI (84) boot:  2 factory          factory app      00 00 00010000 00100000[0m
[0;32mI (91) boot: End of partition table[0m
[0;32mI (96) esp_image: segment 0: paddr=00010020 vaddr=3f400020 size=0be1ch ( 48668) map[0m
[0;32mI (121) esp_image: segment 1: paddr=0001be44 vaddr=3ffb0000 size=02488h (  9352) load[0m
[0;32mI (125) esp_image: segment 2: paddr=0001e2d4 vaddr=40080000 size=01d44h (  7492) load[0m
[0;32mI (130) esp_image: segment 3: paddr=00020020 vaddr=400d0020 size=18760h (100192) map[0m
[0;32mI (169) esp_image: segment 4: paddr=00038788 vaddr=40081d44 size=0ce08h ( 52744) load[0m
[0;32mI (198) boot: Loaded app from partition at offset 0x10000[0m
[0;32mI (198) boot: Disabling RNG early entropy source...[0m
[0;32mI (210) cpu_start: Multicore app[0m
[0;32mI (218) cpu_start: Pro cpu start user code[0m
[0;32mI (218) cpu_start: cpu freq: 160000000 Hz[0m
[0;32mI (219) app_init: Application information:[0m
[0;32mI (221) app_init: Project name:     Batman_esp[0m
[0;32mI (227) app_init: App version:      f448586-dirty[0m
[0;32mI (232) app_init: Compile time:     Dec 27 2024 10:11:49[0m
[0;32mI (238) app_init: ELF file SHA256:  c2dca1eda...[0m
[0;32mI (243) app_init: ESP-IDF:          v5.3.2[0m
[0;32mI (248) efuse_init: Min chip rev:     v0.0[0m
[0;32mI (253) efuse_init: Max chip rev:     v3.99 [0m
[0;32mI (258) efuse_init: Chip rev:         v1.0[0m
[0;32mI (263) heap_init: Initializing. RAM available for dynamic allocation:[0m
[0;32mI (270) heap_init: At 3FFAE6E0 len 00001920 (6 KiB): DRAM[0m
[0;32mI (276) heap_init: At 3FFB2ED0 len 0002D130 (180 KiB): DRAM[0m
[0;32mI (282) heap_init: At 3FFE0440 len 00003AE0 (14 KiB): D/IRAM[0m
[0;32mI (288) heap_init: At 3FFE4350 len 0001BCB0 (111 KiB): D/IRAM[0m
[0;32mI (295) heap_init: At 4008EB4C len 000114B4 (69 KiB): IRAM[0m
[0;32mI (303) spi_flash: detected chip: generic[0m
[0;32mI (306) spi_flash: flash io: dio[0m
[0;33mW (310) spi_flash: Detected size(4096k) larger than the size in the binary image header(2048k). Using the size in the binary image header.[0m
[0;32mI (323) main_task: Started on CPU0[0m
[0;32mI (333) main_task: Calling app_main()[0m
[0;32mI (333) gpio: GPIO[22]| InputEn: 1| OutputEn: 0| OpenDrain: 0| Pullup: 0| Pulldown: 0| Intr:0 [0m
[0;32mI (333) gpio: GPIO[21]| InputEn: 0| OutputEn: 1| OpenDrain: 0| Pullup: 0| Pulldown: 0| Intr:0 [0m
[+] TWAI Driver installed and started
[+] System Initialised
[0;32mI (353) main_task: Returned from app_main()[0m
[0;31mE (1353) ADBMS_Query: [-] Failed to give Semaphore to ADBMS query[0m
[*] Running diagnostic test...
[0;32mI (1353) ADBMS_Query: [+] Querying... 
[0m
Module: 1Value Module 0, cell 0: 0.000000 
Value Module 0, cell 1: 0.000000 
Value Module 0, cell 2: 0.000000 
Value Module 0, cell 3: 0.000000 
Value Module 0, cell 4: 0.000000 
Value Module 0, cell 5: 0.000000 
Value Module 0, cell 6: 0.000000 
Value Module 0, cell 7: 0.000000 
Value Module 0, cell 8: 0.000000 
Value Module 0, cell 9: 0.000000 
Module: 2Value Module 1, cell 0: 0.000000 
Value Module 1, cell 1: 0.000000 
Value Module 1, cell 2: 0.000000 
Value Module 1, cell 3: 0.000000 
Value Module 1, cell 4: 0.000000 
Value Module 1, cell 5: 0.000000 
Value Module 1, cell 6: 0.000000 
Value Module 1, cell 7: 0.000000 
Value Module 1, cell 8: 0.000000 
Value Module 1, cell 9: 0.000000 
Module: 3Value Module 2, cell 0: 0.000000 
Value Module 2, cell 1: 0.000000 
Value Module 2, cell 2: 0.000000 
Value Module 2, cell 3: 0.000000 
Value Module 2, cell 4: 0.000000 
Value Module 2, cell 5: 0.000000 
Value Module 2, cell 6: 0.000000 
Value Module 2, cell 7: 0.000000 
Value Module 2, cell 8: 0.000000 
Value Module 2, cell 9: 0.000000 
Module: 4Value Module 3, cell 0: 0.000000 
Value Module 3, cell 1: 0.000000 
Value Module 3, cell 2: 0.000000 
Value Module 3, cell 3: 0.000000 
Value Module 3, cell 4: 0.000000 
Value Module 3, cell 5: 0.000000 
Value Module 3, cell 6: 0.000000 
Value Module 3, cell 7: 0.000000 
Value Module 3, cell 8: 0.000000 
Value Module 3, cell 9: 0.000000 
Module: 5Value Module 4, cell 0: 0.000000 
Value Module 4, cell 1: 0.000000 
Value Module 4, cell 2: 0.000000 
Value Module 4, cell 3: 0.000000 
Value Module 4, cell 4: 0.000000 
Value Module 4, cell 5: 0.000000 
Value Module 4, cell 6: 0.000000 
Value Module 4, cell 7: 0.000000 
Value Module 4, cell 8: 0.000000 
Value Module 4, cell 9: 0.000000 
Module: 6Value Module 5, cell 0: 0.000000 
Value Module 5, cell 1: 0.000000 
Value Module 5, cell 2: 0.000000 
Value Module 5, cell 3: 0.000000 
Value Module 5, cell 4: 0.000000 
Value Module 5, cell 5: 0.000000 
Value Module 5, cell 6: 0.000000 
Value Module 5, cell 7: 0.000000 
Value Module 5, cell 8: 0.000000 
Value Module 5, cell 9: 0.000000 
Module: 7Value Module 6, cell 0: 0.000000 
Value Module 6, cell 1: 0.000000 
Value Module 6, cell 2: 0.000000 Guru Meditation Error: Core  0 panic'ed (LoadProhibited). Exception was unhandled.

Core  0 register dump:
PC      : 0x40088b67  PS      : 0x00060f33  A0      : 0x80086a66  A1      : 0x3ffb65b0  
A2      : 0x3ffb57a0  A3      : 0x3ffb6610  A4      : 0x00000000  A5      : 0x00000000  
A6      : 0x00000000  A7      : 0x3ffb70d0  A8      : 0x00000000  A9      : 0x3ffaed88  
A10     : 0x3ffaeb44  A11     : 0xffffffff  A12     : 0x00000004  A13     : 0x00060f23  
A14     : 0x3ffafa3c  A15     : 0x0000cdcd  SAR     : 0x00000018  EXCCAUSE: 0x0000001c  
EXCVADDR: 0x00000004  LBEG    : 0x4000c2e0  LEND    : 0x4000c2f6  LCOUNT  : 0xffffffff  


Backtrace: 0x40088b64:0x3ffb65b0 0x40086a63:0x3ffb65d0 0x400d65fb:0x3ffb6610 0x400d67bc:0x3ffb6640 0x400870bd:0x3ffb6690




ELF file SHA256: c2dca1eda

Rebooting...
ets Jun  8 2016 00:22:57

rst:0xc (SW_CPU_RESET),boot:0x13 (SPI_FAST_FLASH_BOOT)
configsip: 0, SPIWP:0xee
clk_drv:0x00,q_drv:0x00,d_drv:0x00,cs0_drv:0x00,hd_drv:0x00,wp_drv:0x00
mode:DIO, clock div:2
load:0x3fff0030,len:7176
load:0x40078000,len:15564
ho 0 tail 12 room 4
load:0x40080400,len:4
load:0x40080404,len:3904
entry 0x40080640
[0;32mI (31) boot: ESP-IDF v5.3.2 2nd stage bootloader[0m
[0;32mI (31) boot: compile time Dec 27 2024 10:11:54[0m
[0;32mI (31) boot: Multicore bootloader[0m
[0;32mI (35) boot: chip revision: v1.0[0m
[0;32mI (39) boot.esp32: SPI Speed      : 40MHz[0m
[0;32mI (44) boot.esp32: SPI Mode       : DIO[0m
[0;32mI (48) boot.esp32: SPI Flash Size : 2MB[0m
[0;32mI (53) boot: Enabling RNG early entropy source...[0m
[0;32mI (58) boot: Partition Table:[0m
[0;32mI (62) boot: ## Label            Usage          Type ST Offset   Length[0m
[0;32mI (69) boot:  0 nvs              WiFi data        01 02 00009000 00006000[0m
[0;32mI (76) boot:  1 phy_init         RF data          01 01 0000f000 00001000[0m
[0;32mI (84) boot:  2 factory          factory app      00 00 00010000 00100000[0m
[0;32mI (91) boot: End of partition table[0m
[0;32mI (96) esp_image: segment 0: paddr=00010020 vaddr=3f400020 size=0be1ch ( 48668) map[0m
[0;32mI (121) esp_image: segment 1: paddr=0001be44 vaddr=3ffb0000 size=02488h (  9352) load[0m
[0;32mI (125) esp_image: segment 2: paddr=0001e2d4 vaddr=40080000 size=01d44h (  7492) load[0m
[0;32mI (130) esp_image: segment 3: paddr=00020020 vaddr=400d0020 size=18760h (100192) map[0m
[0;32mI (169) esp_image: segment 4: paddr=00038788 vaddr=40081d44 size=0ce08h ( 52744) load[0m
[0;32mI (198) boot: Loaded app from partition at offset 0x10000[0m
[0;32mI (198) boot: Disabling RNG early entropy source...[0m
[0;32mI (210) cpu_start: Multicore app[0m
[0;32mI (218) cpu_start: Pro cpu start user code[0m
[0;32mI (218) cpu_start: cpu freq: 160000000 Hz[0m
[0;32mI (219) app_init: Application information:[0m
[0;32mI (221) app_init: Project name:     Batman_esp[0m
[0;32mI (227) app_init: App version:      f448586-dirty[0m
[0;32mI (232) app_init: Compile time:     Dec 27 2024 10:11:49[0m
[0;32mI (238) app_init: ELF file SHA256:  c2dca1eda...[0m
[0;32mI (243) app_init: ESP-IDF:          v5.3.2[0m
[0;32mI (248) efuse_init: Min chip rev:     v0.0[0m
[0;32mI (253) efuse_init: Max chip rev:     v3.99 [0m
[0;32mI (258) efuse_init: Chip rev:         v1.0[0m
[0;32mI (263) heap_init: Initializing. RAM available for dynamic allocation:[0m
[0;32mI (270) heap_init: At 3FFAE6E0 len 00001920 (6 KiB): DRAM[0m
[0;32mI (276) heap_init: At 3FFB2ED0 len 0002D130 (180 KiB): DRAM[0m
[0;32mI (282) heap_init: At 3FFE0440 len 00003AE0 (14 KiB): D/IRAM[0m
[0;32mI (288) heap_init: At 3FFE4350 len 0001BCB0 (111 KiB): D/IRAM[0m
[0;32mI (295) heap_init: At 4008EB4C len 000114B4 (69 KiB): IRAM[0m
[0;32mI (303) spi_flash: detected chip: generic[0m
[0;32mI (306) spi_flash: flash io: dio[0m
[0;33mW (310) spi_flash: Detected size(4096k) larger than the size in the binary image header(2048k). Using the size in the binary image header.[0m
[0;32mI (323) main_task: Started on CPU0[0m
[0;32mI (333) main_task: Calling app_main()[0m
[0;32mI (333) gpio: GPIO[22]| InputEn: 1| OutputEn: 0| OpenDrain: 0| Pullup: 0| Pulldown: 0| Intr:0 [0m
[0;32mI (333) gpio: GPIO[21]| InputEn: 0| OutputEn: 1| OpenDrain: 0| Pullup: 0| Pulldown: 0| Intr:0 [0m
[+] TWAI Driver installed and started
[+] System Initialised
[0;32mI (353) main_task: Returned from app_main()[0m
[0;31mE (1353) ADBMS_Query: [-] Failed to give Semaphore to ADBMS query[0m
[*] Running diagnostic test...
[0;32mI (1353) ADBMS_Query: [+] Querying... 
[0m
Module: 1Value Module 0, cell 0: 0.000000 
Value Module 0, cell 1: 0.000000 
Value Module 0, cell 2: 0.000000 
Value Module 0, cell 3: 0.000000 
Value Module 0, cell 4: 0.000000 
Value Module 0, cell 5: 0.000000 
Value Module 0, cell 6: 0.000000 
Value Module 0, cell 7: 0.000000 
Value Module 0, cell 8: 0.000000 
Value Module 0, cell 9: 0.000000 
Module: 2Value Module 1, cell 0: 0.000000 
Value Module 1, cell 1: 0.000000 
Value Module 1, cell 2: 0.000000 
Value Module 1, cell 3: 0.000000 
Value Module 1, cell 4: 0.000000 
Value Module 1, cell 5: 0.000000 
Value Module 1, cell 6: 0.000000 
Value Module 1, cell 7: 0.000000 
Value Module 1, cell 8: 0.000000 
Value Module 1, cell 9: 0.000000 
Module: 3Value Module 2, cell 0: 0.000000 
Value Module 2, cell 1: 0.000000 
Value Module 2, cell 2: 0.000000 
Value Module 2, cell 3: 0.000000 
Value Module 2, cell 4: 0.000000 
Value Module 2, cell 5: 0.000000 
Value Module 2, cell 6: 0.000000 
Value Module 2, cell 7: 0.000000 
Value Module 2, cell 8: 0.000000 
Value Module 2, cell 9: 0.000000 
Module: 4Value Module 3, cell 0: 0.000000 
Value Module 3, cell 1: 0.000000 
Value Module 3, cell 2: 0.000000 
Value Module 3, cell 3: 0.000000 
Value Module 3, cell 4: 0.000000 
Value Module 3, cell 5: 0.000000 
Value Module 3, cell 6: 0.000000 
Value Module 3, cell 7: 0.000000 
Value Module 3, cell 8: 0.000000 
Value Module 3, cell 9: 0.000000 
Module: 5Value Module 4, cell 0: 0.000000 
Value Module 4, cell 1: 0.000000 
Value Module 4, cell 2: 0.000000 
Value Module 4, cell 3: 0.000000 
Value Module 4, cell 4: 0.000000 
Value Module 4, cell 5: 0.000000 
Value Module 4, cell 6: 0.000000 
Value Module 4, cell 7: 0.000000 
Value Module 4, cell 8: 0.000000 
Value Module 4, cell 9: 0.000000 
Module: 6Value Module 5, cell 0: 0.000000 
Value Module 5, cell 1: 0.000000 
Value Module 5, cell 2: 0.000000 
Value Module 5, cell 3: 0.000000 
Value Module 5, cell 4: 0.000000 
Value Module 5, cell 5: 0.000000 
Value Module 5, cell 6: 0.000000 
Value Module 5, cell 7: 0.000000 
Value Module 5, cell 8: 0.000000 
Value Module 5, cell 9: 0.000000 
Module: 7Value Module 6, cell 0: 0.000000 
Value Module 6, cell 1: 0.000000 
Value Module 6, cell 2: 0.000000 Guru Meditation Error: Core  0 panic'ed (LoadProhibited). Exception was unhandled.

Core  0 register dump:
PC      : 0x40088b67  PS      : 0x00060f33  A0      : 0x80086a66  A1      : 0x3ffb65b0  
A2      : 0x3ffb57a0  A3      : 0x3ffb6610  A4      : 0x00000000  A5      : 0x00000000  
A6      : 0x00000000  A7      : 0x3ffb70d0  A8      : 0x00000000  A9      : 0x3ffaed88  
A10     : 0x3ffaeb44  A11     : 0xffffffff  A12     : 0x00000004  A13     : 0x00060f23  
A14     : 0x3ffafa3c  A15     : 0x0000cdcd  SAR     : 0x00000018  EXCCAUSE: 0x0000001c  
EXCVADDR: 0x00000004  LBEG    : 0x4000c2e0  LEND    : 0x4000c2f6  LCOUNT  : 0xffffffff  


Backtrace: 0x40088b64:0x3ffb65b0 0x40086a63:0x3ffb65d0 0x400d65fb:0x3ffb6610 0x400d67bc:0x3ffb6640 0x400870bd:0x3ffb6690




ELF file SHA256: c2dca1eda

Rebooting...
ets Jun  8 2016 00:22:57

rst:0xc (SW_CPU_RESET),boot:0x13 (SPI_FAST_FLASH_BOOT)
configsip: 0, SPIWP:0xee
clk_drv:0x00,q_drv:0x00,d_drv:0x00,cs0_drv:0x00,hd_drv:0x00,wp_drv:0x00
mode:DIO, clock div:2
load:0x3fff0030,len:7176
load:0x40078000,len:15564
ho 0 tail 12 room 4
load:0x40080400,len:4
load:0x40080404,len:3904
entry 0x40080640
[0;32mI (31) boot: ESP-IDF v5.3.2 2nd stage bootloader[0m
[0;32mI (31) boot: compile time Dec 27 2024 10:11:54[0m
[0;32mI (31) boot: Multicore bootloader[0m
[0;32mI (35) boot: chip revision: v1.0[0m
[0;32mI (39) boot.esp32: SPI Speed      : 40MHz[0m
[0;32mI (44) boot.esp32: SPI Mode       : DIO[0m
[0;32mI (48) boot.esp32: SPI Flash Size : 2MB[0m
[0;32mI (53) boot: Enabling RNG early entropy source...[0m
[0;32mI (58) boot: Partition Table:[0m
[0;32mI (62) boot: ## Label            Usage          Type ST Offset   Length[0m
[0;32mI (69) boot:  0 nvs              WiFi data        01 02 00009000 00006000[0m
[0;32mI (76) boot:  1 phy_init         RF data          01 01 0000f000 00001000[0m
[0;32mI (84) boot:  2 factory          factory app      00 00 00010000 00100000[0m
[0;32mI (91) boot: End of partition table[0m
[0;32mI (96) esp_image: segment 0: paddr=00010020 vaddr=3f400020 size=0be1ch ( 48668) map[0m
[0;32mI (121) esp_image: segment 1: paddr=0001be44 vaddr=3ffb0000 size=02488h (  9352) load[0m
[0;32mI (125) esp_image: segment 2: paddr=0001e2d4 vaddr=40080000 size=01d44h (  7492) load[0m
[0;32mI (130) esp_image: segment 3: paddr=00020020 vaddr=400d0020 size=18760h (100192) map[0m
[0;32mI (169) esp_image: segment 4: paddr=00038788 vaddr=40081d44 size=0ce08h ( 52744) load[0m
[0;32mI (198) boot: Loaded app from partition at offset 0x10000[0m
[0;32mI (198) boot: Disabling RNG early entropy source...[0m
[0;32mI (210) cpu_start: Multicore app[0m
[0;32mI (218) cpu_start: Pro cpu start user code[0m
[0;32mI (218) cpu_start: cpu freq: 160000000 Hz[0m
[0;32mI (219) app_init: Application information:[0m
[0;32mI (221) app_init: Project name:     Batman_esp[0m
[0;32mI (227) app_init: App version:      f448586-dirty[0m
[0;32mI (232) app_init: Compile time:     Dec 27 2024 10:11:49[0m
[0;32mI (238) app_init: ELF file SHA256:  c2dca1eda...[0m
[0;32mI (243) app_init: ESP-IDF:          v5.3.2[0m
[0;32mI (248) efuse_init: Min chip rev:     v0.0[0m
[0;32mI (253) efuse_init: Max chip rev:     v3.99 [0m
[0;32mI (258) efuse_init: Chip rev:         v1.0[0m
[0;32mI (263) heap_init: Initializing. RAM available for dynamic allocation:[0m
[0;32mI (270) heap_init: At 3FFAE6E0 len 00001920 (6 KiB): DRAM[0m
[0;32mI (276) heap_init: At 3FFB2ED0 len 0002D130 (180 KiB): DRAM[0m
[0;32mI (282) heap_init: At 3FFE0440 len 00003AE0 (14 KiB): D/IRAM[0m
[0;32mI (288) heap_init: At 3FFE4350 len 0001BCB0 (111 KiB): D/IRAM[0m
[0;32mI (295) heap_init: At 4008EB4C len 000114B4 (69 KiB): IRAM[0m
[0;32mI (303) spi_flash: detected chip: generic[0m
[0;32mI (306) spi_flash: flash io: dio[0m
[0;33mW (310) spi_flash: Detected size(4096k) larger than the size in the binary image header(2048k). Using the size in the binary image header.[0m
[0;32mI (323) main_task: Started on CPU0[0m
[0;32mI (333) main_task: Calling app_main()[0m
[0;32mI (333) gpio: GPIO[22]| InputEn: 1| OutputEn: 0| OpenDrain: 0| Pullup: 0| Pulldown: 0| Intr:0 [0m
[0;32mI (333) gpio: GPIO[21]| InputEn: 0| OutputEn: 1| OpenDrain: 0| Pullup: 0| Pulldown: 0| Intr:0 [0m
[+] TWAI Driver installed and started
[+] System Initialised
[0;32mI (353) main_task: Returned from app_main()[0m
